==========================================
GGNN CWE Top-30 Classification Experiment
Started at: Tue Nov 25 14:59:02 EST 2025
SLURM Job ID: 44847
Node List: classt03
==========================================

Python version:
Python 3.11.5

GPU Memory Info (initial):
memory.total [MiB], memory.used [MiB], memory.free [MiB]
11264 MiB, 0 MiB, 11004 MiB

Using data from:
  Graphs:   /home/sxi219/RAI-Account/multi-stage-GNN-code-security/IPAG-GIN-CFEExplainer/data/splits/processed_graphs_multi_class.pkl
  Metadata: /home/sxi219/RAI-Account/multi-stage-GNN-code-security/IPAG-GIN-CFEExplainer/data/splits/dataset_metadata.pkl

==========================================
Experiment: exp2_top30_deeper_6layers
==========================================
Experiment 2
Approximate parameter count: Core GGNN ≈ 0.61M parameters (6·6·128² + readout). Still easily within budget (<10M even with embeddings/heads).
Expected behaviour: Doubling the depth enables stronger multi-hop relational reasoning. You may see higher recall/AUC but also greater overfitting risk. Fairness metrics may shift if deeper layers capture spurious correlations.

Model Configuration:
  Embedding Dim:     64
  Hidden Dim:        128
  GGNN Layers:       6
  Propagation Steps: 4
  Dropout:           0.3

Training Configuration:
  Batch Size:        8
  Epochs:            100
  Learning Rate:     0.001
  Weight Decay:      1e-5
  Num Workers:       4
  Seed:              43

Data Splits:
  Train Ratio:       0.8
  Val Ratio:         0.1
  Test Ratio:        0.1

Checkpoint directory: /home/sxi219/RAI-Account/multi-stage-GNN-code-security/IPAG-GIN-CFEExplainer/multiclass_experiment/checkpoints/exp2_top30_deeper_6layers

==========================================
Starting Training
==========================================

Using device: cuda

Loading processed graphs...
Loaded 149980 graphs from /home/sxi219/RAI-Account/multi-stage-GNN-code-security/IPAG-GIN-CFEExplainer/data/splits/processed_graphs_multi_class.pkl
Loading metadata...
  vocab_sizes: {'node_type': 5, 'original_type': 223, 'label': 520106}
  total_samples (metadata): 149980
  idx_to_cwe entries: 91

Filtering to top 30 CWE classes by frequency...
Top 30 classes (original indices and counts):
  CWE_idx 1: 26255 samples
  CWE_idx 14: 19940 samples
  CWE_idx 45: 14792 samples
  CWE_idx 21: 12451 samples
  CWE_idx 49: 9658 samples
  CWE_idx 15: 8619 samples
  CWE_idx 3: 7656 samples
  CWE_idx 10: 6378 samples
  CWE_idx 42: 6073 samples
  CWE_idx 52: 4559 samples
  CWE_idx 12: 3643 samples
  CWE_idx 19: 3000 samples
  CWE_idx 79: 2918 samples
  CWE_idx 24: 2425 samples
  CWE_idx 69: 1480 samples
  CWE_idx 29: 1478 samples
  CWE_idx 46: 1282 samples
  CWE_idx 77: 1205 samples
  CWE_idx 57: 1049 samples
  CWE_idx 60: 1026 samples
  CWE_idx 48: 993 samples
  CWE_idx 22: 930 samples
  CWE_idx 47: 916 samples
  CWE_idx 67: 908 samples
  CWE_idx 80: 877 samples
  CWE_idx 83: 826 samples
  CWE_idx 43: 740 samples
  CWE_idx 11: 723 samples
  CWE_idx 7: 684 samples
  CWE_idx 17: 683 samples
Kept 144167 graphs out of 149980 after top-30 filtering.
New num_classes (top-30 only): 30

Converting graphs to PyG Data objects...
Converted 144167 graphs, skipped 0 empty graphs.

Creating stratified train/val/test split...
Split sizes -> train: 115323, val: 14403, test: 14441

Initializing GGNN model...

Starting training...
Epoch 001 | Train Loss: 2.6358, Train Acc: 0.2295, Train F1 (macro): 0.0398 | Val Loss: 2.4028, Val Acc: 0.2972, Val F1 (macro): 0.0512
  --> New best model saved to /home/sxi219/RAI-Account/multi-stage-GNN-code-security/IPAG-GIN-CFEExplainer/multiclass_experiment/checkpoints/exp2_top30_deeper_6layers/best_model.pt
Epoch 002 | Train Loss: 2.3329, Train Acc: 0.3131, Train F1 (macro): 0.0685 | Val Loss: 2.2705, Val Acc: 0.3295, Val F1 (macro): 0.0740
  --> New best model saved to /home/sxi219/RAI-Account/multi-stage-GNN-code-security/IPAG-GIN-CFEExplainer/multiclass_experiment/checkpoints/exp2_top30_deeper_6layers/best_model.pt
Epoch 003 | Train Loss: 2.2519, Train Acc: 0.3344, Train F1 (macro): 0.0810 | Val Loss: 2.2409, Val Acc: 0.3363, Val F1 (macro): 0.0776
  --> New best model saved to /home/sxi219/RAI-Account/multi-stage-GNN-code-security/IPAG-GIN-CFEExplainer/multiclass_experiment/checkpoints/exp2_top30_deeper_6layers/best_model.pt
Epoch 004 | Train Loss: 2.1555, Train Acc: 0.3669, Train F1 (macro): 0.1003 | Val Loss: 2.1220, Val Acc: 0.3733, Val F1 (macro): 0.1294
  --> New best model saved to /home/sxi219/RAI-Account/multi-stage-GNN-code-security/IPAG-GIN-CFEExplainer/multiclass_experiment/checkpoints/exp2_top30_deeper_6layers/best_model.pt

==========================================
Training script exited with code: 1
==========================================

ERROR: Training failed with exit code 1

Final GPU Memory:
memory.used [MiB], memory.free [MiB]
0 MiB, 11004 MiB

Completed at: Tue Nov 25 15:47:40 EST 2025
==========================================

Job information saved to: /home/sxi219/RAI-Account/multi-stage-GNN-code-security/IPAG-GIN-CFEExplainer/multiclass_experiment/checkpoints/exp2_top30_deeper_6layers/job_info.txt

