==========================================
GGNN CWE Top-30 Classification Experiment
Started at: Tue Nov 25 06:46:08 EST 2025
SLURM Job ID: 44816
Node List: classt13
==========================================

Python version:
Python 3.11.5

GPU Memory Info (initial):
memory.total [MiB], memory.used [MiB], memory.free [MiB]
11264 MiB, 0 MiB, 11004 MiB

Using data from:
  Graphs:   /home/sxi219/RAI-Account/multi-stage-GNN-code-security/IPAG-GIN-CFEExplainer/data/splits/processed_graphs_multi_class.pkl
  Metadata: /home/sxi219/RAI-Account/multi-stage-GNN-code-security/IPAG-GIN-CFEExplainer/data/splits/dataset_metadata.pkl

==========================================
Experiment: top30_baseline
==========================================
Model Configuration:
  Embedding Dim:   64
  Hidden Dim:      128
  GGNN Layers:     3
  Propagation Steps: 4
  Dropout:         0.3

Training Configuration:
  Batch Size:      8
  Epochs:          100
  Learning Rate:   0.001
  Weight Decay:    1e-5
  Num Workers:     4
  Seed:            42

Data Splits:
  Train Ratio:     0.8
  Val Ratio:       0.1
  Test Ratio:      0.1

Checkpoint directory: /home/sxi219/RAI-Account/multi-stage-GNN-code-security/IPAG-GIN-CFEExplainer/checkpoints/top30_baseline

==========================================
Starting Training
==========================================

Using device: cuda

Loading processed graphs...
Loaded 149980 graphs from /home/sxi219/RAI-Account/multi-stage-GNN-code-security/IPAG-GIN-CFEExplainer/data/splits/processed_graphs_multi_class.pkl
Loading metadata...
  vocab_sizes: {'node_type': 5, 'original_type': 223, 'label': 520106}
  total_samples (metadata): 149980
  idx_to_cwe entries: 91

Filtering to top 30 CWE classes by frequency...
Top 30 classes (original indices and counts):
  CWE_idx 1: 26255 samples
  CWE_idx 14: 19940 samples
  CWE_idx 45: 14792 samples
  CWE_idx 21: 12451 samples
  CWE_idx 49: 9658 samples
  CWE_idx 15: 8619 samples
  CWE_idx 3: 7656 samples
  CWE_idx 10: 6378 samples
  CWE_idx 42: 6073 samples
  CWE_idx 52: 4559 samples
  CWE_idx 12: 3643 samples
  CWE_idx 19: 3000 samples
  CWE_idx 79: 2918 samples
  CWE_idx 24: 2425 samples
  CWE_idx 69: 1480 samples
  CWE_idx 29: 1478 samples
  CWE_idx 46: 1282 samples
  CWE_idx 77: 1205 samples
  CWE_idx 57: 1049 samples
  CWE_idx 60: 1026 samples
  CWE_idx 48: 993 samples
  CWE_idx 22: 930 samples
  CWE_idx 47: 916 samples
  CWE_idx 67: 908 samples
  CWE_idx 80: 877 samples
  CWE_idx 83: 826 samples
  CWE_idx 43: 740 samples
  CWE_idx 11: 723 samples
  CWE_idx 7: 684 samples
  CWE_idx 17: 683 samples
Kept 144167 graphs out of 149980 after top-30 filtering.
New num_classes (top-30 only): 30

Converting graphs to PyG Data objects...
Converted 144167 graphs, skipped 0 empty graphs.

Creating stratified train/val/test split...
Split sizes -> train: 115323, val: 14403, test: 14441

Initializing GGNN model...

Starting training...
Epoch 001 | Train Loss: 2.4439, Train Acc: 0.2860, Train F1 (macro): 0.0867 | Val Loss: 1.9474, Val Acc: 0.4365, Val F1 (macro): 0.1744
  --> New best model saved to /home/sxi219/RAI-Account/multi-stage-GNN-code-security/IPAG-GIN-CFEExplainer/checkpoints/top30_baseline/best_model.pt
Epoch 002 | Train Loss: 1.7777, Train Acc: 0.4912, Train F1 (macro): 0.2423 | Val Loss: 1.6629, Val Acc: 0.5272, Val F1 (macro): 0.2847
  --> New best model saved to /home/sxi219/RAI-Account/multi-stage-GNN-code-security/IPAG-GIN-CFEExplainer/checkpoints/top30_baseline/best_model.pt
Epoch 003 | Train Loss: 1.4787, Train Acc: 0.5839, Train F1 (macro): 0.3661 | Val Loss: 1.3370, Val Acc: 0.6342, Val F1 (macro): 0.5181
  --> New best model saved to /home/sxi219/RAI-Account/multi-stage-GNN-code-security/IPAG-GIN-CFEExplainer/checkpoints/top30_baseline/best_model.pt
Epoch 004 | Train Loss: 1.3103, Train Acc: 0.6369, Train F1 (macro): 0.4778 | Val Loss: 1.2454, Val Acc: 0.6585, Val F1 (macro): 0.5736
  --> New best model saved to /home/sxi219/RAI-Account/multi-stage-GNN-code-security/IPAG-GIN-CFEExplainer/checkpoints/top30_baseline/best_model.pt
Epoch 005 | Train Loss: 1.2121, Train Acc: 0.6640, Train F1 (macro): 0.5364 | Val Loss: 1.2304, Val Acc: 0.6715, Val F1 (macro): 0.6272
  --> New best model saved to /home/sxi219/RAI-Account/multi-stage-GNN-code-security/IPAG-GIN-CFEExplainer/checkpoints/top30_baseline/best_model.pt
Epoch 006 | Train Loss: 1.1348, Train Acc: 0.6891, Train F1 (macro): 0.5887 | Val Loss: 1.1779, Val Acc: 0.6806, Val F1 (macro): 0.6264
Epoch 007 | Train Loss: 1.0676, Train Acc: 0.7084, Train F1 (macro): 0.6270 | Val Loss: 1.1605, Val Acc: 0.6853, Val F1 (macro): 0.6510
  --> New best model saved to /home/sxi219/RAI-Account/multi-stage-GNN-code-security/IPAG-GIN-CFEExplainer/checkpoints/top30_baseline/best_model.pt
Epoch 008 | Train Loss: 1.0142, Train Acc: 0.7221, Train F1 (macro): 0.6559 | Val Loss: 1.1294, Val Acc: 0.7022, Val F1 (macro): 0.6799
  --> New best model saved to /home/sxi219/RAI-Account/multi-stage-GNN-code-security/IPAG-GIN-CFEExplainer/checkpoints/top30_baseline/best_model.pt
Epoch 009 | Train Loss: 0.9574, Train Acc: 0.7373, Train F1 (macro): 0.6811 | Val Loss: 1.0780, Val Acc: 0.7105, Val F1 (macro): 0.7002
  --> New best model saved to /home/sxi219/RAI-Account/multi-stage-GNN-code-security/IPAG-GIN-CFEExplainer/checkpoints/top30_baseline/best_model.pt
Epoch 010 | Train Loss: 0.9160, Train Acc: 0.7480, Train F1 (macro): 0.6992 | Val Loss: 1.1165, Val Acc: 0.7017, Val F1 (macro): 0.6918
Epoch 011 | Train Loss: 0.8816, Train Acc: 0.7572, Train F1 (macro): 0.7141 | Val Loss: 1.0535, Val Acc: 0.7137, Val F1 (macro): 0.7113
  --> New best model saved to /home/sxi219/RAI-Account/multi-stage-GNN-code-security/IPAG-GIN-CFEExplainer/checkpoints/top30_baseline/best_model.pt
Epoch 012 | Train Loss: 0.8512, Train Acc: 0.7645, Train F1 (macro): 0.7220 | Val Loss: 1.1015, Val Acc: 0.7164, Val F1 (macro): 0.7154
  --> New best model saved to /home/sxi219/RAI-Account/multi-stage-GNN-code-security/IPAG-GIN-CFEExplainer/checkpoints/top30_baseline/best_model.pt
Epoch 013 | Train Loss: 0.8324, Train Acc: 0.7696, Train F1 (macro): 0.7303 | Val Loss: 1.0907, Val Acc: 0.7118, Val F1 (macro): 0.7203
  --> New best model saved to /home/sxi219/RAI-Account/multi-stage-GNN-code-security/IPAG-GIN-CFEExplainer/checkpoints/top30_baseline/best_model.pt
Epoch 014 | Train Loss: 0.8155, Train Acc: 0.7735, Train F1 (macro): 0.7340 | Val Loss: 1.0388, Val Acc: 0.7192, Val F1 (macro): 0.7055
Epoch 015 | Train Loss: 0.7943, Train Acc: 0.7798, Train F1 (macro): 0.7405 | Val Loss: 1.0660, Val Acc: 0.7203, Val F1 (macro): 0.7149
Epoch 016 | Train Loss: 0.7778, Train Acc: 0.7814, Train F1 (macro): 0.7449 | Val Loss: 1.0738, Val Acc: 0.7063, Val F1 (macro): 0.7092
Epoch 017 | Train Loss: 0.7702, Train Acc: 0.7854, Train F1 (macro): 0.7490 | Val Loss: 1.0389, Val Acc: 0.7176, Val F1 (macro): 0.7147
Epoch 018 | Train Loss: 0.7559, Train Acc: 0.7902, Train F1 (macro): 0.7550 | Val Loss: 1.0058, Val Acc: 0.7273, Val F1 (macro): 0.7273
  --> New best model saved to /home/sxi219/RAI-Account/multi-stage-GNN-code-security/IPAG-GIN-CFEExplainer/checkpoints/top30_baseline/best_model.pt
Epoch 019 | Train Loss: 0.7462, Train Acc: 0.7909, Train F1 (macro): 0.7522 | Val Loss: 1.1124, Val Acc: 0.7092, Val F1 (macro): 0.7104
Epoch 020 | Train Loss: 0.7383, Train Acc: 0.7934, Train F1 (macro): 0.7589 | Val Loss: 1.1052, Val Acc: 0.7145, Val F1 (macro): 0.7138
Epoch 021 | Train Loss: 0.7271, Train Acc: 0.7953, Train F1 (macro): 0.7611 | Val Loss: 1.1141, Val Acc: 0.7240, Val F1 (macro): 0.7143
Epoch 022 | Train Loss: 0.7278, Train Acc: 0.7937, Train F1 (macro): 0.7608 | Val Loss: 1.0607, Val Acc: 0.7124, Val F1 (macro): 0.7145
Epoch 023 | Train Loss: 0.7154, Train Acc: 0.7981, Train F1 (macro): 0.7654 | Val Loss: 1.2114, Val Acc: 0.6999, Val F1 (macro): 0.7091
Epoch 024 | Train Loss: 0.7101, Train Acc: 0.7988, Train F1 (macro): 0.7653 | Val Loss: 1.1377, Val Acc: 0.7117, Val F1 (macro): 0.7084
Epoch 025 | Train Loss: 0.7049, Train Acc: 0.8008, Train F1 (macro): 0.7703 | Val Loss: 1.0429, Val Acc: 0.7239, Val F1 (macro): 0.7188
Epoch 026 | Train Loss: 0.6952, Train Acc: 0.8018, Train F1 (macro): 0.7701 | Val Loss: 1.0636, Val Acc: 0.7163, Val F1 (macro): 0.7207
Epoch 027 | Train Loss: 0.6959, Train Acc: 0.8032, Train F1 (macro): 0.7716 | Val Loss: 0.9668, Val Acc: 0.7314, Val F1 (macro): 0.7299
  --> New best model saved to /home/sxi219/RAI-Account/multi-stage-GNN-code-security/IPAG-GIN-CFEExplainer/checkpoints/top30_baseline/best_model.pt
Epoch 028 | Train Loss: 0.6897, Train Acc: 0.8049, Train F1 (macro): 0.7744 | Val Loss: 1.0375, Val Acc: 0.7269, Val F1 (macro): 0.7270
Epoch 029 | Train Loss: 0.6878, Train Acc: 0.8040, Train F1 (macro): 0.7747 | Val Loss: 1.1180, Val Acc: 0.6980, Val F1 (macro): 0.7022
Epoch 030 | Train Loss: 0.6790, Train Acc: 0.8059, Train F1 (macro): 0.7781 | Val Loss: 1.0165, Val Acc: 0.7178, Val F1 (macro): 0.7262
Epoch 031 | Train Loss: 0.6776, Train Acc: 0.8063, Train F1 (macro): 0.7792 | Val Loss: 0.9968, Val Acc: 0.7232, Val F1 (macro): 0.7232
Epoch 032 | Train Loss: 0.6696, Train Acc: 0.8087, Train F1 (macro): 0.7800 | Val Loss: 0.9823, Val Acc: 0.7298, Val F1 (macro): 0.7284
Epoch 033 | Train Loss: 0.6699, Train Acc: 0.8091, Train F1 (macro): 0.7815 | Val Loss: 1.0422, Val Acc: 0.7221, Val F1 (macro): 0.7223
Epoch 034 | Train Loss: 0.6595, Train Acc: 0.8111, Train F1 (macro): 0.7849 | Val Loss: 1.0176, Val Acc: 0.7261, Val F1 (macro): 0.7245
Epoch 035 | Train Loss: 0.6585, Train Acc: 0.8118, Train F1 (macro): 0.7867 | Val Loss: 0.9860, Val Acc: 0.7339, Val F1 (macro): 0.7259
Epoch 036 | Train Loss: 0.6611, Train Acc: 0.8106, Train F1 (macro): 0.7826 | Val Loss: 1.0417, Val Acc: 0.7349, Val F1 (macro): 0.7283
Epoch 037 | Train Loss: 0.6569, Train Acc: 0.8117, Train F1 (macro): 0.7853 | Val Loss: 1.0335, Val Acc: 0.7222, Val F1 (macro): 0.7155
Epoch 038 | Train Loss: 0.6551, Train Acc: 0.8128, Train F1 (macro): 0.7851 | Val Loss: 0.9939, Val Acc: 0.7270, Val F1 (macro): 0.7195
Epoch 039 | Train Loss: 0.6558, Train Acc: 0.8115, Train F1 (macro): 0.7846 | Val Loss: 1.0642, Val Acc: 0.7242, Val F1 (macro): 0.7061
Epoch 040 | Train Loss: 0.6534, Train Acc: 0.8133, Train F1 (macro): 0.7864 | Val Loss: 0.9641, Val Acc: 0.7355, Val F1 (macro): 0.7346
  --> New best model saved to /home/sxi219/RAI-Account/multi-stage-GNN-code-security/IPAG-GIN-CFEExplainer/checkpoints/top30_baseline/best_model.pt
Epoch 041 | Train Loss: 0.6494, Train Acc: 0.8137, Train F1 (macro): 0.7874 | Val Loss: 1.0179, Val Acc: 0.7262, Val F1 (macro): 0.7285
Epoch 042 | Train Loss: 0.6457, Train Acc: 0.8158, Train F1 (macro): 0.7899 | Val Loss: 0.9560, Val Acc: 0.7367, Val F1 (macro): 0.7343
Epoch 043 | Train Loss: 0.6456, Train Acc: 0.8151, Train F1 (macro): 0.7899 | Val Loss: 1.0291, Val Acc: 0.7271, Val F1 (macro): 0.7211
Epoch 044 | Train Loss: 0.6471, Train Acc: 0.8138, Train F1 (macro): 0.7891 | Val Loss: 1.1073, Val Acc: 0.7205, Val F1 (macro): 0.7067
Epoch 045 | Train Loss: 0.6452, Train Acc: 0.8160, Train F1 (macro): 0.7914 | Val Loss: 1.0074, Val Acc: 0.7235, Val F1 (macro): 0.7108
Epoch 046 | Train Loss: 0.6423, Train Acc: 0.8154, Train F1 (macro): 0.7903 | Val Loss: 0.9887, Val Acc: 0.7308, Val F1 (macro): 0.7240
Epoch 047 | Train Loss: 0.6358, Train Acc: 0.8169, Train F1 (macro): 0.7931 | Val Loss: 1.0137, Val Acc: 0.7279, Val F1 (macro): 0.7223
Epoch 048 | Train Loss: 0.6477, Train Acc: 0.8140, Train F1 (macro): 0.7856 | Val Loss: 0.9655, Val Acc: 0.7339, Val F1 (macro): 0.7286
Epoch 049 | Train Loss: 0.6400, Train Acc: 0.8159, Train F1 (macro): 0.7910 | Val Loss: 1.0303, Val Acc: 0.7266, Val F1 (macro): 0.7166
Epoch 050 | Train Loss: 0.6389, Train Acc: 0.8157, Train F1 (macro): 0.7902 | Val Loss: 1.0292, Val Acc: 0.7197, Val F1 (macro): 0.7094
Epoch 051 | Train Loss: 0.6277, Train Acc: 0.8196, Train F1 (macro): 0.7951 | Val Loss: 1.0008, Val Acc: 0.7296, Val F1 (macro): 0.7291
Epoch 052 | Train Loss: 0.6280, Train Acc: 0.8200, Train F1 (macro): 0.7961 | Val Loss: 1.0170, Val Acc: 0.7163, Val F1 (macro): 0.7161
Epoch 053 | Train Loss: 0.6316, Train Acc: 0.8182, Train F1 (macro): 0.7913 | Val Loss: 1.0184, Val Acc: 0.7305, Val F1 (macro): 0.7278
Epoch 054 | Train Loss: 0.6320, Train Acc: 0.8174, Train F1 (macro): 0.7920 | Val Loss: 1.0156, Val Acc: 0.7229, Val F1 (macro): 0.7220
Epoch 055 | Train Loss: 0.6283, Train Acc: 0.8183, Train F1 (macro): 0.7928 | Val Loss: 1.0282, Val Acc: 0.7248, Val F1 (macro): 0.7252
Epoch 056 | Train Loss: 0.6319, Train Acc: 0.8180, Train F1 (macro): 0.7935 | Val Loss: 1.0196, Val Acc: 0.7239, Val F1 (macro): 0.7266
Epoch 057 | Train Loss: 0.6286, Train Acc: 0.8189, Train F1 (macro): 0.7942 | Val Loss: 0.9905, Val Acc: 0.7312, Val F1 (macro): 0.7346
  --> New best model saved to /home/sxi219/RAI-Account/multi-stage-GNN-code-security/IPAG-GIN-CFEExplainer/checkpoints/top30_baseline/best_model.pt
Epoch 058 | Train Loss: 0.6272, Train Acc: 0.8193, Train F1 (macro): 0.7943 | Val Loss: 1.0262, Val Acc: 0.7276, Val F1 (macro): 0.7193
Epoch 059 | Train Loss: 0.6270, Train Acc: 0.8190, Train F1 (macro): 0.7949 | Val Loss: 1.0722, Val Acc: 0.7205, Val F1 (macro): 0.7072
Epoch 060 | Train Loss: 0.6412, Train Acc: 0.8161, Train F1 (macro): 0.7887 | Val Loss: 0.9671, Val Acc: 0.7360, Val F1 (macro): 0.7346
Epoch 061 | Train Loss: 0.6284, Train Acc: 0.8184, Train F1 (macro): 0.7938 | Val Loss: 1.0225, Val Acc: 0.7296, Val F1 (macro): 0.7186
Epoch 062 | Train Loss: 0.6276, Train Acc: 0.8188, Train F1 (macro): 0.7947 | Val Loss: 1.0017, Val Acc: 0.7343, Val F1 (macro): 0.7296
Epoch 063 | Train Loss: 0.6224, Train Acc: 0.8203, Train F1 (macro): 0.7981 | Val Loss: 1.0303, Val Acc: 0.7174, Val F1 (macro): 0.7200
Epoch 064 | Train Loss: 0.6213, Train Acc: 0.8204, Train F1 (macro): 0.7971 | Val Loss: 1.0719, Val Acc: 0.7200, Val F1 (macro): 0.7142
Epoch 065 | Train Loss: 0.6200, Train Acc: 0.8212, Train F1 (macro): 0.7958 | Val Loss: 0.9623, Val Acc: 0.7417, Val F1 (macro): 0.7390
  --> New best model saved to /home/sxi219/RAI-Account/multi-stage-GNN-code-security/IPAG-GIN-CFEExplainer/checkpoints/top30_baseline/best_model.pt
Epoch 066 | Train Loss: 0.6274, Train Acc: 0.8196, Train F1 (macro): 0.7935 | Val Loss: 1.0969, Val Acc: 0.7212, Val F1 (macro): 0.7263
Epoch 067 | Train Loss: 0.6203, Train Acc: 0.8217, Train F1 (macro): 0.7969 | Val Loss: 1.1339, Val Acc: 0.7099, Val F1 (macro): 0.7239
Epoch 068 | Train Loss: 0.6211, Train Acc: 0.8209, Train F1 (macro): 0.7963 | Val Loss: 1.0648, Val Acc: 0.7277, Val F1 (macro): 0.7208
Epoch 069 | Train Loss: 0.6212, Train Acc: 0.8202, Train F1 (macro): 0.7960 | Val Loss: 1.0648, Val Acc: 0.7164, Val F1 (macro): 0.7079
Epoch 070 | Train Loss: 0.6268, Train Acc: 0.8193, Train F1 (macro): 0.7983 | Val Loss: 0.9702, Val Acc: 0.7355, Val F1 (macro): 0.7334
Epoch 071 | Train Loss: 0.6169, Train Acc: 0.8224, Train F1 (macro): 0.7977 | Val Loss: 0.9907, Val Acc: 0.7356, Val F1 (macro): 0.7303
Epoch 072 | Train Loss: 0.6264, Train Acc: 0.8201, Train F1 (macro): 0.7962 | Val Loss: 1.1237, Val Acc: 0.7041, Val F1 (macro): 0.7026
Epoch 073 | Train Loss: 0.6178, Train Acc: 0.8206, Train F1 (macro): 0.7944 | Val Loss: 0.9573, Val Acc: 0.7309, Val F1 (macro): 0.7283
Epoch 074 | Train Loss: 0.6197, Train Acc: 0.8222, Train F1 (macro): 0.7967 | Val Loss: 0.9815, Val Acc: 0.7332, Val F1 (macro): 0.7188
Epoch 075 | Train Loss: 0.6133, Train Acc: 0.8224, Train F1 (macro): 0.7981 | Val Loss: 0.9814, Val Acc: 0.7315, Val F1 (macro): 0.7269
Epoch 076 | Train Loss: 0.6200, Train Acc: 0.8200, Train F1 (macro): 0.7936 | Val Loss: 1.0443, Val Acc: 0.7312, Val F1 (macro): 0.7162
Epoch 077 | Train Loss: 0.6126, Train Acc: 0.8224, Train F1 (macro): 0.7964 | Val Loss: 1.0730, Val Acc: 0.7183, Val F1 (macro): 0.7085
Epoch 078 | Train Loss: 0.6141, Train Acc: 0.8224, Train F1 (macro): 0.7967 | Val Loss: 1.0083, Val Acc: 0.7355, Val F1 (macro): 0.7371
Epoch 079 | Train Loss: 0.6122, Train Acc: 0.8227, Train F1 (macro): 0.7987 | Val Loss: 1.0200, Val Acc: 0.7292, Val F1 (macro): 0.7239
Epoch 080 | Train Loss: 0.6183, Train Acc: 0.8206, Train F1 (macro): 0.7958 | Val Loss: 0.9758, Val Acc: 0.7476, Val F1 (macro): 0.7405
  --> New best model saved to /home/sxi219/RAI-Account/multi-stage-GNN-code-security/IPAG-GIN-CFEExplainer/checkpoints/top30_baseline/best_model.pt
Epoch 081 | Train Loss: 0.6174, Train Acc: 0.8213, Train F1 (macro): 0.7977 | Val Loss: 1.0025, Val Acc: 0.7394, Val F1 (macro): 0.7311
Epoch 082 | Train Loss: 0.6125, Train Acc: 0.8224, Train F1 (macro): 0.7987 | Val Loss: 0.9902, Val Acc: 0.7353, Val F1 (macro): 0.7359
Epoch 083 | Train Loss: 0.6125, Train Acc: 0.8236, Train F1 (macro): 0.8004 | Val Loss: 1.0444, Val Acc: 0.7290, Val F1 (macro): 0.7190
Epoch 084 | Train Loss: 0.6101, Train Acc: 0.8231, Train F1 (macro): 0.7996 | Val Loss: 1.0592, Val Acc: 0.7261, Val F1 (macro): 0.7204
Epoch 085 | Train Loss: 0.6187, Train Acc: 0.8202, Train F1 (macro): 0.7979 | Val Loss: 1.0387, Val Acc: 0.7308, Val F1 (macro): 0.7229
Epoch 086 | Train Loss: 0.6151, Train Acc: 0.8224, Train F1 (macro): 0.7999 | Val Loss: 1.0257, Val Acc: 0.7307, Val F1 (macro): 0.7283
Epoch 087 | Train Loss: 0.6101, Train Acc: 0.8224, Train F1 (macro): 0.7984 | Val Loss: 1.0357, Val Acc: 0.7282, Val F1 (macro): 0.7261
Epoch 088 | Train Loss: 0.6151, Train Acc: 0.8217, Train F1 (macro): 0.7987 | Val Loss: 1.0526, Val Acc: 0.7382, Val F1 (macro): 0.7375
Epoch 089 | Train Loss: 0.6102, Train Acc: 0.8233, Train F1 (macro): 0.7985 | Val Loss: 1.0680, Val Acc: 0.7273, Val F1 (macro): 0.7246
Epoch 090 | Train Loss: 0.6122, Train Acc: 0.8212, Train F1 (macro): 0.7984 | Val Loss: 1.0303, Val Acc: 0.7367, Val F1 (macro): 0.7276
Epoch 091 | Train Loss: 0.6095, Train Acc: 0.8228, Train F1 (macro): 0.7991 | Val Loss: 0.9911, Val Acc: 0.7378, Val F1 (macro): 0.7377
Epoch 092 | Train Loss: 0.6134, Train Acc: 0.8219, Train F1 (macro): 0.7971 | Val Loss: 1.1110, Val Acc: 0.7263, Val F1 (macro): 0.7101
Epoch 093 | Train Loss: 0.6141, Train Acc: 0.8209, Train F1 (macro): 0.7965 | Val Loss: 1.0512, Val Acc: 0.7316, Val F1 (macro): 0.7207
Epoch 094 | Train Loss: 0.6150, Train Acc: 0.8218, Train F1 (macro): 0.7981 | Val Loss: 1.0719, Val Acc: 0.7248, Val F1 (macro): 0.7126
Epoch 095 | Train Loss: 0.6085, Train Acc: 0.8234, Train F1 (macro): 0.8006 | Val Loss: 1.1361, Val Acc: 0.7240, Val F1 (macro): 0.7247
Epoch 096 | Train Loss: 0.6074, Train Acc: 0.8241, Train F1 (macro): 0.8020 | Val Loss: 1.1133, Val Acc: 0.7278, Val F1 (macro): 0.7240
Epoch 097 | Train Loss: 0.6102, Train Acc: 0.8225, Train F1 (macro): 0.8007 | Val Loss: 1.1911, Val Acc: 0.7217, Val F1 (macro): 0.7101
Epoch 098 | Train Loss: 0.6023, Train Acc: 0.8259, Train F1 (macro): 0.8029 | Val Loss: 1.2109, Val Acc: 0.7010, Val F1 (macro): 0.6963
Epoch 099 | Train Loss: 0.6044, Train Acc: 0.8236, Train F1 (macro): 0.8004 | Val Loss: 1.2498, Val Acc: 0.7024, Val F1 (macro): 0.6832
Epoch 100 | Train Loss: 0.6021, Train Acc: 0.8247, Train F1 (macro): 0.8010 | Val Loss: 1.0905, Val Acc: 0.7118, Val F1 (macro): 0.7078

Loading best checkpoint for final test evaluation...
Loaded checkpoint from epoch 80

=== FINAL TEST METRICS ===
Test Loss: 1.0033
Test Acc:  0.7409
Test Macro Precision: 0.7660
Test Macro Recall:    0.7149
Test Macro F1:        0.7366

=== RESPONSIBLE AI METRICS (PER-CLASS & DISPARITIES) ===
Overall: {'accuracy': 0.7408766746520996, 'macro_precision': 0.7659503817558289, 'macro_recall': 0.7148541808128357, 'macro_f1': 0.7366416454315186}
Disparity: {'f1_min': 0.5, 'f1_max': 0.8834951519966125, 'f1_diff': 0.38349515199661255, 'f1_ratio': 1.7669902686534196, 'recall_min': 0.4202898442745209, 'recall_max': 0.875, 'recall_diff': 0.4547101557254791, 'recall_ratio': 2.0818965556767304}

Lowest 5 classes by F1:
  CWE-17 (id=28): support=69, precision=0.617, recall=0.420, f1=0.500
  CWE-400 (id=16): support=129, precision=0.503, recall=0.574, f1=0.536
  CWE-362 (id=8): support=608, precision=0.727, recall=0.613, f1=0.665
  CWE-310 (id=15): support=149, precision=0.784, recall=0.584, f1=0.669
  CWE-369 (id=26): support=74, precision=0.716, recall=0.649, f1=0.681

Highest 5 classes by F1:
  CWE-125 (id=6): support=767, precision=0.842, recall=0.725, f1=0.779
  CWE-772 (id=17): support=121, precision=0.803, recall=0.777, f1=0.790
  CWE-704 (id=23): support=92, precision=0.874, recall=0.826, f1=0.849
  CWE-404 (id=22): support=93, precision=0.867, recall=0.839, f1=0.852
  CWE-617 (id=19): support=104, precision=0.892, recall=0.875, f1=0.883

Responsible AI report saved to: /home/sxi219/RAI-Account/multi-stage-GNN-code-security/IPAG-GIN-CFEExplainer/checkpoints/top30_baseline/responsible_ai_report.json

==========================================
Training script exited with code: 0
==========================================

✓ Training completed successfully

Final GPU Memory:
memory.used [MiB], memory.free [MiB]
0 MiB, 11004 MiB

Completed at: Tue Nov 25 17:08:05 EST 2025
==========================================

Job information saved to: /home/sxi219/RAI-Account/multi-stage-GNN-code-security/IPAG-GIN-CFEExplainer/checkpoints/top30_baseline/job_info.txt

