==========================================
Experiment 4: Heavy Regularization (Exp1 + More Dropout + Weight Decay)
Goal: Reduce overfitting further
Started at: Sat Nov 22 21:08:20 EST 2025
==========================================

GPU Memory Info:
memory.total [MiB], memory.used [MiB], memory.free [MiB]
11264 MiB, 0 MiB, 11004 MiB

Using preprocessed data from: /home/sxi219/RAI-Account/multi-stage-GNN-code-security/IPAG-GIN-CFEExplainer/outputs/preprocessed_data


================================================================================
GIN Vulnerability Classifier - BigVul Dataset
================================================================================
Device: cuda
Output Directory: /home/sxi219/RAI-Account/multi-stage-GNN-code-security/IPAG-GIN-CFEExplainer/outputs/experiments/exp4_heavy_regularization
GPU: NVIDIA GeForce RTX 2080 Ti
GPU Memory: 11.54 GB
================================================================================


================================================================================
Configuration
================================================================================
  train_file                : /home/sxi219/RAI-Account/multi-stage-GNN-code-security/IPAG-GIN-CFEExplainer/outputs/preprocessed_data/train_data.pkl
  val_file                  : /home/sxi219/RAI-Account/multi-stage-GNN-code-security/IPAG-GIN-CFEExplainer/outputs/preprocessed_data/val_data.pkl
  test_file                 : /home/sxi219/RAI-Account/multi-stage-GNN-code-security/IPAG-GIN-CFEExplainer/outputs/preprocessed_data/test_data.pkl
  input_dim                 : 776
  hidden_dims               : [128, 64]
  output_dim                : 2
  dropout                   : 0.5
  pooling                   : mean
  batch_size                : 32
  learning_rate             : 0.0005
  weight_decay              : 0.0001
  class_weights             : [1.0, 1.5]
  epochs                    : 50
  patience                  : 10
  use_efficient_loader      : True
  cache_size                : 100
  clear_cache_every         : 5
  seed                      : 42
  device                    : cuda
================================================================================

Loading datasets...
Using memory-efficient data loader...
Loading metadata from /home/sxi219/RAI-Account/multi-stage-GNN-code-security/IPAG-GIN-CFEExplainer/outputs/preprocessed_data/train_data.pkl...
Loaded 778 samples from /home/sxi219/RAI-Account/multi-stage-GNN-code-security/IPAG-GIN-CFEExplainer/outputs/preprocessed_data/train_data.pkl
  Positive: 391, Negative: 387
Using LRU cache with size: 100
Loading metadata from /home/sxi219/RAI-Account/multi-stage-GNN-code-security/IPAG-GIN-CFEExplainer/outputs/preprocessed_data/val_data.pkl...
Loaded 167 samples from /home/sxi219/RAI-Account/multi-stage-GNN-code-security/IPAG-GIN-CFEExplainer/outputs/preprocessed_data/val_data.pkl
  Positive: 84, Negative: 83
Using LRU cache with size: 50
Loading metadata from /home/sxi219/RAI-Account/multi-stage-GNN-code-security/IPAG-GIN-CFEExplainer/outputs/preprocessed_data/test_data.pkl...
Loaded 167 samples from /home/sxi219/RAI-Account/multi-stage-GNN-code-security/IPAG-GIN-CFEExplainer/outputs/preprocessed_data/test_data.pkl
  Positive: 84, Negative: 83
Using LRU cache with size: 50

Initializing GIN model...
Total parameters: 131,300
Trainable parameters: 131,300
Samples/Parameter ratio: 0.005925
⚠ WARNING: Very low samples/parameter ratio - model may overfit
  Consider: reducing model size or collecting more data

Using class weights: [1.0, 1.5]
Starting training...


================================================================================
Starting Training
================================================================================


================================================================================
Epoch 1/50
================================================================================
Train Loss: 0.6640 | Train Acc: 0.5373
Val Loss: 0.6647 | Val Acc: 0.5449
Val Precision: 0.5250 | Val Recall: 1.0000 | Val F1: 0.6885
Val AUC: 0.7513
RAI Metrics - FPR: 0.9157 | FNR: 0.0000 | Fairness: 0.0843
✓ Best model updated

================================================================================
Epoch 2/50
================================================================================
Train Loss: 0.6374 | Train Acc: 0.6054
Val Loss: 0.6450 | Val Acc: 0.6587
Val Precision: 0.6116 | Val Recall: 0.8810 | Val F1: 0.7220
Val AUC: 0.7532
RAI Metrics - FPR: 0.5663 | FNR: 0.1190 | Fairness: 0.5528
✓ Best model updated

================================================================================
Epoch 3/50
================================================================================
Train Loss: 0.6035 | Train Acc: 0.6722
Val Loss: 0.6225 | Val Acc: 0.7126
Val Precision: 0.7045 | Val Recall: 0.7381 | Val F1: 0.7209
Val AUC: 0.7577
RAI Metrics - FPR: 0.3133 | FNR: 0.2619 | Fairness: 0.9487
No improvement (1/10)

================================================================================
Epoch 4/50
================================================================================
Train Loss: 0.5520 | Train Acc: 0.7069
Val Loss: 0.6012 | Val Acc: 0.7066
Val Precision: 0.6699 | Val Recall: 0.8214 | Val F1: 0.7380
Val AUC: 0.7394
RAI Metrics - FPR: 0.4096 | FNR: 0.1786 | Fairness: 0.7689
✓ Best model updated

================================================================================
Epoch 5/50
================================================================================
Train Loss: 0.5440 | Train Acc: 0.7147
Val Loss: 0.6066 | Val Acc: 0.6527
Val Precision: 0.6383 | Val Recall: 0.7143 | Val F1: 0.6742
Val AUC: 0.7133
RAI Metrics - FPR: 0.4096 | FNR: 0.2857 | Fairness: 0.8761
No improvement (1/10)

================================================================================
Epoch 6/50
================================================================================
Clearing GPU cache...
Train Loss: 0.4813 | Train Acc: 0.7751
Val Loss: 0.6569 | Val Acc: 0.6467
Val Precision: 0.6543 | Val Recall: 0.6310 | Val F1: 0.6424
Val AUC: 0.6860
RAI Metrics - FPR: 0.3373 | FNR: 0.3690 | Fairness: 0.9683
No improvement (2/10)

================================================================================
Epoch 7/50
================================================================================
Train Loss: 0.4394 | Train Acc: 0.8072
Val Loss: 0.6620 | Val Acc: 0.6467
Val Precision: 0.6147 | Val Recall: 0.7976 | Val F1: 0.6943
Val AUC: 0.6437
RAI Metrics - FPR: 0.5060 | FNR: 0.2024 | Fairness: 0.6964
No improvement (3/10)

================================================================================
Epoch 8/50
================================================================================
Train Loss: 0.4030 | Train Acc: 0.8149
Val Loss: 0.8613 | Val Acc: 0.5269
Val Precision: 0.6000 | Val Recall: 0.1786 | Val F1: 0.2752
Val AUC: 0.6449
RAI Metrics - FPR: 0.1205 | FNR: 0.8214 | Fairness: 0.2991
No improvement (4/10)

================================================================================
Epoch 9/50
================================================================================
Train Loss: 0.3692 | Train Acc: 0.8380
Val Loss: 0.7160 | Val Acc: 0.6647
Val Precision: 0.6707 | Val Recall: 0.6548 | Val F1: 0.6627
Val AUC: 0.7017
RAI Metrics - FPR: 0.3253 | FNR: 0.3452 | Fairness: 0.9801
No improvement (5/10)

================================================================================
Epoch 10/50
================================================================================
Train Loss: 0.3247 | Train Acc: 0.8830
Val Loss: 1.5168 | Val Acc: 0.5030
Val Precision: 0.6667 | Val Recall: 0.0238 | Val F1: 0.0460
Val AUC: 0.6219
RAI Metrics - FPR: 0.0120 | FNR: 0.9762 | Fairness: 0.0359
No improvement (6/10)

================================================================================
Epoch 11/50
================================================================================
Clearing GPU cache...
Train Loss: 0.2881 | Train Acc: 0.8920
Val Loss: 0.8565 | Val Acc: 0.6228
Val Precision: 0.6000 | Val Recall: 0.7500 | Val F1: 0.6667
Val AUC: 0.6373
RAI Metrics - FPR: 0.5060 | FNR: 0.2500 | Fairness: 0.7440
No improvement (7/10)

================================================================================
Epoch 12/50
================================================================================
Train Loss: 0.2613 | Train Acc: 0.9100
Val Loss: 1.1230 | Val Acc: 0.5090
Val Precision: 0.5312 | Val Recall: 0.2024 | Val F1: 0.2931
Val AUC: 0.6193
RAI Metrics - FPR: 0.1807 | FNR: 0.7976 | Fairness: 0.3831
No improvement (8/10)

================================================================================
Epoch 13/50
================================================================================
Train Loss: 0.2394 | Train Acc: 0.9152
Val Loss: 1.1114 | Val Acc: 0.5329
Val Precision: 0.5600 | Val Recall: 0.3333 | Val F1: 0.4179
Val AUC: 0.6160
RAI Metrics - FPR: 0.2651 | FNR: 0.6667 | Fairness: 0.5984
No improvement (9/10)

================================================================================
Epoch 14/50
================================================================================
Train Loss: 0.2195 | Train Acc: 0.9126
Val Loss: 1.0117 | Val Acc: 0.5689
Val Precision: 0.6071 | Val Recall: 0.4048 | Val F1: 0.4857
Val AUC: 0.6236
RAI Metrics - FPR: 0.2651 | FNR: 0.5952 | Fairness: 0.6698
No improvement (10/10)

Early stopping triggered after 14 epochs
Best epoch: 4 with F1: 0.7380

Best model from epoch 4 loaded

Final Evaluation on Validation Set...

================================================================================
Validation Evaluation Results
================================================================================
  Accuracy   : 0.5689
  Precision  : 0.6071
  Recall     : 0.4048
  F1 Score   : 0.4857
  AUC        : 0.6236

Responsible AI Metrics:
  FPR (False Positive Rate) : 0.2651
  FNR (False Negative Rate) : 0.5952
  Fairness Score            : 0.6698
================================================================================

Validation Classification Report:
                precision    recall  f1-score   support

Non-Vulnerable       0.55      0.73      0.63        83
    Vulnerable       0.61      0.40      0.49        84

      accuracy                           0.57       167
     macro avg       0.58      0.57      0.56       167
  weighted avg       0.58      0.57      0.56       167

✓ Training history saved to /home/sxi219/RAI-Account/multi-stage-GNN-code-security/IPAG-GIN-CFEExplainer/outputs/experiments/exp4_heavy_regularization/training_history.png
✓ Confusion matrix saved to /home/sxi219/RAI-Account/multi-stage-GNN-code-security/IPAG-GIN-CFEExplainer/outputs/experiments/exp4_heavy_regularization/confusion_matrix.png
✓ ROC curve saved to /home/sxi219/RAI-Account/multi-stage-GNN-code-security/IPAG-GIN-CFEExplainer/outputs/experiments/exp4_heavy_regularization/roc_curve.png
✓ RAI metrics plot saved to /home/sxi219/RAI-Account/multi-stage-GNN-code-security/IPAG-GIN-CFEExplainer/outputs/experiments/exp4_heavy_regularization/rai_metrics.png

Final Evaluation on Test Set...

================================================================================
Test Evaluation Results
================================================================================
  Accuracy   : 0.5509
  Precision  : 0.5692
  Recall     : 0.4405
  F1 Score   : 0.4966
  AUC        : 0.6338

Responsible AI Metrics:
  FPR (False Positive Rate) : 0.3373
  FNR (False Negative Rate) : 0.5595
  Fairness Score            : 0.7778
================================================================================

Test Classification Report:
                precision    recall  f1-score   support

Non-Vulnerable       0.54      0.66      0.59        83
    Vulnerable       0.57      0.44      0.50        84

      accuracy                           0.55       167
     macro avg       0.55      0.55      0.55       167
  weighted avg       0.55      0.55      0.55       167

✓ Training history saved to /home/sxi219/RAI-Account/multi-stage-GNN-code-security/IPAG-GIN-CFEExplainer/outputs/experiments/exp4_heavy_regularization/test_plots/training_history.png
✓ Confusion matrix saved to /home/sxi219/RAI-Account/multi-stage-GNN-code-security/IPAG-GIN-CFEExplainer/outputs/experiments/exp4_heavy_regularization/test_plots/confusion_matrix.png
✓ ROC curve saved to /home/sxi219/RAI-Account/multi-stage-GNN-code-security/IPAG-GIN-CFEExplainer/outputs/experiments/exp4_heavy_regularization/test_plots/roc_curve.png
✓ RAI metrics plot saved to /home/sxi219/RAI-Account/multi-stage-GNN-code-security/IPAG-GIN-CFEExplainer/outputs/experiments/exp4_heavy_regularization/test_plots/rai_metrics.png
✓ Model saved to /home/sxi219/RAI-Account/multi-stage-GNN-code-security/IPAG-GIN-CFEExplainer/outputs/experiments/exp4_heavy_regularization/final_model.pth
✓ Training history saved to /home/sxi219/RAI-Account/multi-stage-GNN-code-security/IPAG-GIN-CFEExplainer/outputs/experiments/exp4_heavy_regularization/training_history.json

================================================================================
Training Complete!
Results saved to: /home/sxi219/RAI-Account/multi-stage-GNN-code-security/IPAG-GIN-CFEExplainer/outputs/experiments/exp4_heavy_regularization
================================================================================

Generated files:
  - config.json              : Training configuration
  - final_model.pth          : Trained model checkpoint
  - training_history.json    : Per-epoch metrics
  - validation_metrics.json  : Final validation metrics
  - test_metrics.json        : Final test metrics
  - training_history.png     : Training curves
  - confusion_matrix.png     : Confusion matrix
  - roc_curve.png           : ROC curve
  - rai_metrics.png         : RAI metrics over training
================================================================================



==========================================
Starting Threshold Tuning
==========================================

====================================================================================================
Optimal Threshold Finder
====================================================================================================
Device: cuda
Model: /home/sxi219/RAI-Account/multi-stage-GNN-code-security/IPAG-GIN-CFEExplainer/outputs/experiments/exp4_heavy_regularization/final_model.pth
Validation data: /home/sxi219/RAI-Account/multi-stage-GNN-code-security/IPAG-GIN-CFEExplainer/outputs/preprocessed_data/val_data.pkl
Constraints: Recall >= 0.75, Precision >= 0.5
====================================================================================================

Loading model...
✓ Model loaded successfully

Loading validation data...
Loaded 167 samples from /home/sxi219/RAI-Account/multi-stage-GNN-code-security/IPAG-GIN-CFEExplainer/outputs/preprocessed_data/val_data.pkl
  Positive: 84, Negative: 83
✓ Loaded 167 validation samples


Collecting predictions...

====================================================================================================
Threshold    Accuracy   Precision  Recall     F1         FPR        FNR        Fairness  
====================================================================================================
0.20         0.5808     0.5686     0.6905     0.6237     0.5301     0.3095     0.7794    
0.25         0.5868     0.5789     0.6548     0.6145     0.4819     0.3452     0.8633    
0.30         0.6048     0.6047     0.6190     0.6118     0.4096     0.3810     0.9713    
0.35         0.5868     0.6000     0.5357     0.5660     0.3614     0.4643     0.8972    
0.40         0.5808     0.6000     0.5000     0.5455     0.3373     0.5000     0.8373    
0.45         0.5749     0.6032     0.4524     0.5170     0.3012     0.5476     0.7536    
0.50         0.5689     0.6071     0.4048     0.4857     0.2651     0.5952     0.6698    
0.55         0.5509     0.5849     0.3690     0.4526     0.2651     0.6310     0.6341    
0.60         0.5569     0.6000     0.3571     0.4478     0.2410     0.6429     0.5981    
0.65         0.5629     0.6222     0.3333     0.4341     0.2048     0.6667     0.5382    
0.70         0.5509     0.6154     0.2857     0.3902     0.1807     0.7143     0.4664    
0.75         0.5509     0.6286     0.2619     0.3697     0.1566     0.7381     0.4185    
0.80         0.5329     0.6000     0.2143     0.3158     0.1446     0.7857     0.3589    
0.85         0.5389     0.6296     0.2024     0.3063     0.1205     0.7976     0.3229    
====================================================================================================

⚠ WARNING: No threshold meets the minimum recall and precision constraints!
  Constraints: Recall >= 0.75, Precision >= 0.5

  Relaxing constraints to find best threshold...

  Using threshold with highest fairness (no constraints)

====================================================================================================
✓ Best Threshold: 0.30
====================================================================================================
  Accuracy:       0.6048
  Precision:      0.6047
  Recall:         0.6190
  F1 Score:       0.6118
  FPR:            0.4096
  FNR:            0.3810
  Fairness:       0.9713

Confusion Matrix:
  TN: 49     FP: 34
  FN: 32     TP: 52
====================================================================================================

✓ Results saved to /home/sxi219/RAI-Account/multi-stage-GNN-code-security/IPAG-GIN-CFEExplainer/outputs/experiments/exp4_heavy_regularization/optimal_threshold.json

✓ Threshold curves saved to /home/sxi219/RAI-Account/multi-stage-GNN-code-security/IPAG-GIN-CFEExplainer/outputs/experiments/exp4_heavy_regularization/optimal_threshold_curves.png

✓ Threshold optimization complete!
✓ Threshold tuning complete

==========================================
Final GPU Memory:
memory.used [MiB]
0 MiB

Completed at: Sat Nov 22 21:10:37 EST 2025
==========================================
