==========================================
Experiment 3: Stronger Class Weights
Started at: Sat Nov 22 20:05:37 EST 2025
==========================================

GPU Memory Info:
memory.total [MiB], memory.used [MiB], memory.free [MiB]
11264 MiB, 0 MiB, 11004 MiB

Using preprocessed data from: /home/sxi219/RAI-Account/multi-stage-GNN-code-security/IPAG-GIN-CFEExplainer/outputs/preprocessed_data


================================================================================
GIN Vulnerability Classifier - BigVul Dataset
================================================================================
Device: cuda
Output Directory: /home/sxi219/RAI-Account/multi-stage-GNN-code-security/IPAG-GIN-CFEExplainer/outputs/experiments/exp3_strong_weights
GPU: NVIDIA GeForce RTX 2080 Ti
GPU Memory: 11.54 GB
================================================================================


================================================================================
Configuration
================================================================================
  train_file                : /home/sxi219/RAI-Account/multi-stage-GNN-code-security/IPAG-GIN-CFEExplainer/outputs/preprocessed_data/train_data.pkl
  val_file                  : /home/sxi219/RAI-Account/multi-stage-GNN-code-security/IPAG-GIN-CFEExplainer/outputs/preprocessed_data/val_data.pkl
  test_file                 : /home/sxi219/RAI-Account/multi-stage-GNN-code-security/IPAG-GIN-CFEExplainer/outputs/preprocessed_data/test_data.pkl
  input_dim                 : 776
  hidden_dims               : [128, 64]
  output_dim                : 2
  dropout                   : 0.4
  pooling                   : mean
  batch_size                : 32
  learning_rate             : 0.0005
  weight_decay              : 1e-05
  class_weights             : [1.0, 2.0]
  epochs                    : 50
  patience                  : 10
  use_efficient_loader      : True
  cache_size                : 100
  clear_cache_every         : 5
  seed                      : 42
  device                    : cuda
================================================================================

Loading datasets...
Using memory-efficient data loader...
Loading metadata from /home/sxi219/RAI-Account/multi-stage-GNN-code-security/IPAG-GIN-CFEExplainer/outputs/preprocessed_data/train_data.pkl...
Loaded 778 samples from /home/sxi219/RAI-Account/multi-stage-GNN-code-security/IPAG-GIN-CFEExplainer/outputs/preprocessed_data/train_data.pkl
  Positive: 391, Negative: 387
Using LRU cache with size: 100
Loading metadata from /home/sxi219/RAI-Account/multi-stage-GNN-code-security/IPAG-GIN-CFEExplainer/outputs/preprocessed_data/val_data.pkl...
Loaded 167 samples from /home/sxi219/RAI-Account/multi-stage-GNN-code-security/IPAG-GIN-CFEExplainer/outputs/preprocessed_data/val_data.pkl
  Positive: 84, Negative: 83
Using LRU cache with size: 50
Loading metadata from /home/sxi219/RAI-Account/multi-stage-GNN-code-security/IPAG-GIN-CFEExplainer/outputs/preprocessed_data/test_data.pkl...
Loaded 167 samples from /home/sxi219/RAI-Account/multi-stage-GNN-code-security/IPAG-GIN-CFEExplainer/outputs/preprocessed_data/test_data.pkl
  Positive: 84, Negative: 83
Using LRU cache with size: 50

Initializing GIN model...
Total parameters: 131,300
Trainable parameters: 131,300
Samples/Parameter ratio: 0.005925
⚠ WARNING: Very low samples/parameter ratio - model may overfit
  Consider: reducing model size or collecting more data

Using class weights: [1.0, 2.0]
Starting training...


================================================================================
Starting Training
================================================================================


================================================================================
Epoch 1/50
================================================================================
Train Loss: 0.6460 | Train Acc: 0.5116
Val Loss: 0.6455 | Val Acc: 0.5030
Val Precision: 0.5030 | Val Recall: 1.0000 | Val F1: 0.6693
Val AUC: 0.7507
RAI Metrics - FPR: 1.0000 | FNR: 0.0000 | Fairness: 0.0000
✓ Best model updated

================================================================================
Epoch 2/50
================================================================================
Train Loss: 0.6005 | Train Acc: 0.5360
Val Loss: 0.6489 | Val Acc: 0.6108
Val Precision: 0.5798 | Val Recall: 0.8214 | Val F1: 0.6798
Val AUC: 0.6665
RAI Metrics - FPR: 0.6024 | FNR: 0.1786 | Fairness: 0.5762
✓ Best model updated

================================================================================
Epoch 3/50
================================================================================
Train Loss: 0.5558 | Train Acc: 0.6157
Val Loss: 0.5956 | Val Acc: 0.6766
Val Precision: 0.6339 | Val Recall: 0.8452 | Val F1: 0.7245
Val AUC: 0.7263
RAI Metrics - FPR: 0.4940 | FNR: 0.1548 | Fairness: 0.6608
✓ Best model updated

================================================================================
Epoch 4/50
================================================================================
Train Loss: 0.4991 | Train Acc: 0.6992
Val Loss: 0.6401 | Val Acc: 0.6467
Val Precision: 0.6667 | Val Recall: 0.5952 | Val F1: 0.6289
Val AUC: 0.7108
RAI Metrics - FPR: 0.3012 | FNR: 0.4048 | Fairness: 0.8964
No improvement (1/10)

================================================================================
Epoch 5/50
================================================================================
Train Loss: 0.4809 | Train Acc: 0.7314
Val Loss: 0.6016 | Val Acc: 0.6228
Val Precision: 0.5802 | Val Recall: 0.9048 | Val F1: 0.7070
Val AUC: 0.6876
RAI Metrics - FPR: 0.6627 | FNR: 0.0952 | Fairness: 0.4326
No improvement (2/10)

================================================================================
Epoch 6/50
================================================================================
Clearing GPU cache...
Train Loss: 0.4125 | Train Acc: 0.7995
Val Loss: 0.7677 | Val Acc: 0.6108
Val Precision: 0.7021 | Val Recall: 0.3929 | Val F1: 0.5038
Val AUC: 0.6727
RAI Metrics - FPR: 0.1687 | FNR: 0.6071 | Fairness: 0.5615
No improvement (3/10)

================================================================================
Epoch 7/50
================================================================================
Train Loss: 0.3702 | Train Acc: 0.8188
Val Loss: 0.6920 | Val Acc: 0.6108
Val Precision: 0.5736 | Val Recall: 0.8810 | Val F1: 0.6948
Val AUC: 0.6345
RAI Metrics - FPR: 0.6627 | FNR: 0.1190 | Fairness: 0.4564
No improvement (4/10)

================================================================================
Epoch 8/50
================================================================================
Train Loss: 0.3231 | Train Acc: 0.8406
Val Loss: 0.8533 | Val Acc: 0.5749
Val Precision: 0.6327 | Val Recall: 0.3690 | Val F1: 0.4662
Val AUC: 0.6404
RAI Metrics - FPR: 0.2169 | FNR: 0.6310 | Fairness: 0.5859
No improvement (5/10)

================================================================================
Epoch 9/50
================================================================================
Train Loss: 0.2906 | Train Acc: 0.8805
Val Loss: 1.0651 | Val Acc: 0.5868
Val Precision: 0.7273 | Val Recall: 0.2857 | Val F1: 0.4103
Val AUC: 0.6903
RAI Metrics - FPR: 0.1084 | FNR: 0.7143 | Fairness: 0.3941
No improvement (6/10)

================================================================================
Epoch 10/50
================================================================================
Train Loss: 0.2573 | Train Acc: 0.8869
Val Loss: 1.0161 | Val Acc: 0.5150
Val Precision: 0.5294 | Val Recall: 0.3214 | Val F1: 0.4000
Val AUC: 0.5861
RAI Metrics - FPR: 0.2892 | FNR: 0.6786 | Fairness: 0.6106
No improvement (7/10)

================================================================================
Epoch 11/50
================================================================================
Clearing GPU cache...
Train Loss: 0.2340 | Train Acc: 0.9075
Val Loss: 1.2960 | Val Acc: 0.4970
Val Precision: 0.5000 | Val Recall: 0.1429 | Val F1: 0.2222
Val AUC: 0.6627
RAI Metrics - FPR: 0.1446 | FNR: 0.8571 | Fairness: 0.2874
No improvement (8/10)

================================================================================
Epoch 12/50
================================================================================
Train Loss: 0.1971 | Train Acc: 0.9216
Val Loss: 1.0269 | Val Acc: 0.5808
Val Precision: 0.5761 | Val Recall: 0.6310 | Val F1: 0.6023
Val AUC: 0.6071
RAI Metrics - FPR: 0.4699 | FNR: 0.3690 | Fairness: 0.8992
No improvement (9/10)

================================================================================
Epoch 13/50
================================================================================
Train Loss: 0.1742 | Train Acc: 0.9383
Val Loss: 2.2263 | Val Acc: 0.4731
Val Precision: 0.3571 | Val Recall: 0.0595 | Val F1: 0.1020
Val AUC: 0.5808
RAI Metrics - FPR: 0.1084 | FNR: 0.9405 | Fairness: 0.1680
No improvement (10/10)

Early stopping triggered after 13 epochs
Best epoch: 3 with F1: 0.7245

Best model from epoch 3 loaded

Final Evaluation on Validation Set...

================================================================================
Validation Evaluation Results
================================================================================
  Accuracy   : 0.4731
  Precision  : 0.3571
  Recall     : 0.0595
  F1 Score   : 0.1020
  AUC        : 0.5808

Responsible AI Metrics:
  FPR (False Positive Rate) : 0.1084
  FNR (False Negative Rate) : 0.9405
  Fairness Score            : 0.1680
================================================================================

Validation Classification Report:
                precision    recall  f1-score   support

Non-Vulnerable       0.48      0.89      0.63        83
    Vulnerable       0.36      0.06      0.10        84

      accuracy                           0.47       167
     macro avg       0.42      0.48      0.36       167
  weighted avg       0.42      0.47      0.36       167

✓ Training history saved to /home/sxi219/RAI-Account/multi-stage-GNN-code-security/IPAG-GIN-CFEExplainer/outputs/experiments/exp3_strong_weights/training_history.png
✓ Confusion matrix saved to /home/sxi219/RAI-Account/multi-stage-GNN-code-security/IPAG-GIN-CFEExplainer/outputs/experiments/exp3_strong_weights/confusion_matrix.png
✓ ROC curve saved to /home/sxi219/RAI-Account/multi-stage-GNN-code-security/IPAG-GIN-CFEExplainer/outputs/experiments/exp3_strong_weights/roc_curve.png
✓ RAI metrics plot saved to /home/sxi219/RAI-Account/multi-stage-GNN-code-security/IPAG-GIN-CFEExplainer/outputs/experiments/exp3_strong_weights/rai_metrics.png

Final Evaluation on Test Set...

================================================================================
Test Evaluation Results
================================================================================
  Accuracy   : 0.5030
  Precision  : 0.5556
  Recall     : 0.0595
  F1 Score   : 0.1075
  AUC        : 0.6627

Responsible AI Metrics:
  FPR (False Positive Rate) : 0.0482
  FNR (False Negative Rate) : 0.9405
  Fairness Score            : 0.1077
================================================================================

Test Classification Report:
                precision    recall  f1-score   support

Non-Vulnerable       0.50      0.95      0.66        83
    Vulnerable       0.56      0.06      0.11        84

      accuracy                           0.50       167
     macro avg       0.53      0.51      0.38       167
  weighted avg       0.53      0.50      0.38       167

✓ Training history saved to /home/sxi219/RAI-Account/multi-stage-GNN-code-security/IPAG-GIN-CFEExplainer/outputs/experiments/exp3_strong_weights/test_plots/training_history.png
✓ Confusion matrix saved to /home/sxi219/RAI-Account/multi-stage-GNN-code-security/IPAG-GIN-CFEExplainer/outputs/experiments/exp3_strong_weights/test_plots/confusion_matrix.png
✓ ROC curve saved to /home/sxi219/RAI-Account/multi-stage-GNN-code-security/IPAG-GIN-CFEExplainer/outputs/experiments/exp3_strong_weights/test_plots/roc_curve.png
✓ RAI metrics plot saved to /home/sxi219/RAI-Account/multi-stage-GNN-code-security/IPAG-GIN-CFEExplainer/outputs/experiments/exp3_strong_weights/test_plots/rai_metrics.png
✓ Model saved to /home/sxi219/RAI-Account/multi-stage-GNN-code-security/IPAG-GIN-CFEExplainer/outputs/experiments/exp3_strong_weights/final_model.pth
✓ Training history saved to /home/sxi219/RAI-Account/multi-stage-GNN-code-security/IPAG-GIN-CFEExplainer/outputs/experiments/exp3_strong_weights/training_history.json

================================================================================
Training Complete!
Results saved to: /home/sxi219/RAI-Account/multi-stage-GNN-code-security/IPAG-GIN-CFEExplainer/outputs/experiments/exp3_strong_weights
================================================================================

Generated files:
  - config.json              : Training configuration
  - final_model.pth          : Trained model checkpoint
  - training_history.json    : Per-epoch metrics
  - validation_metrics.json  : Final validation metrics
  - test_metrics.json        : Final test metrics
  - training_history.png     : Training curves
  - confusion_matrix.png     : Confusion matrix
  - roc_curve.png           : ROC curve
  - rai_metrics.png         : RAI metrics over training
================================================================================



==========================================
Starting Threshold Tuning
==========================================

====================================================================================================
Optimal Threshold Finder
====================================================================================================
Device: cuda
Model: /home/sxi219/RAI-Account/multi-stage-GNN-code-security/IPAG-GIN-CFEExplainer/outputs/experiments/exp3_strong_weights/final_model.pth
Validation data: /home/sxi219/RAI-Account/multi-stage-GNN-code-security/IPAG-GIN-CFEExplainer/outputs/preprocessed_data/val_data.pkl
Constraints: Recall >= 0.75, Precision >= 0.5
====================================================================================================

Loading model...
✓ Model loaded successfully

Loading validation data...
Loaded 167 samples from /home/sxi219/RAI-Account/multi-stage-GNN-code-security/IPAG-GIN-CFEExplainer/outputs/preprocessed_data/val_data.pkl
  Positive: 84, Negative: 83
✓ Loaded 167 validation samples


Collecting predictions...

====================================================================================================
Threshold    Accuracy   Precision  Recall     F1         FPR        FNR        Fairness  
====================================================================================================
0.20         0.4850     0.4615     0.1429     0.2182     0.1687     0.8571     0.3115    
0.25         0.4731     0.4091     0.1071     0.1698     0.1566     0.8929     0.2638    
0.30         0.4790     0.4211     0.0952     0.1553     0.1325     0.9048     0.2278    
0.35         0.4731     0.3889     0.0833     0.1373     0.1325     0.9167     0.2159    
0.40         0.4790     0.4118     0.0833     0.1386     0.1205     0.9167     0.2038    
0.45         0.4671     0.3333     0.0595     0.1010     0.1205     0.9405     0.1800    
0.50         0.4731     0.3571     0.0595     0.1020     0.1084     0.9405     0.1680    
0.55         0.4790     0.3846     0.0595     0.1031     0.0964     0.9405     0.1559    
0.60         0.4790     0.3636     0.0476     0.0842     0.0843     0.9524     0.1320    
0.65         0.4970     0.5000     0.0476     0.0870     0.0482     0.9524     0.0958    
0.70         0.4970     0.5000     0.0476     0.0870     0.0482     0.9524     0.0958    
0.75         0.4910     0.4286     0.0357     0.0659     0.0482     0.9643     0.0839    
0.80         0.4910     0.4286     0.0357     0.0659     0.0482     0.9643     0.0839    
0.85         0.4850     0.3333     0.0238     0.0444     0.0482     0.9762     0.0720    
====================================================================================================

⚠ WARNING: No threshold meets the minimum recall and precision constraints!
  Constraints: Recall >= 0.75, Precision >= 0.5

  Relaxing constraints to find best threshold...

  Using threshold with highest fairness (no constraints)

====================================================================================================
✓ Best Threshold: 0.20
====================================================================================================
  Accuracy:       0.4850
  Precision:      0.4615
  Recall:         0.1429
  F1 Score:       0.2182
  FPR:            0.1687
  FNR:            0.8571
  Fairness:       0.3115

Confusion Matrix:
  TN: 69     FP: 14
  FN: 72     TP: 12
====================================================================================================

✓ Results saved to /home/sxi219/RAI-Account/multi-stage-GNN-code-security/IPAG-GIN-CFEExplainer/outputs/experiments/exp3_strong_weights/optimal_threshold.json

✓ Threshold curves saved to /home/sxi219/RAI-Account/multi-stage-GNN-code-security/IPAG-GIN-CFEExplainer/outputs/experiments/exp3_strong_weights/optimal_threshold_curves.png

✓ Threshold optimization complete!
✓ Threshold tuning complete

==========================================
Final GPU Memory:
memory.used [MiB]
0 MiB

Completed at: Sat Nov 22 20:07:59 EST 2025
==========================================
