==========================================
GGNN CWE Top-30 Classification Experiment
Started at: Tue Nov 25 15:05:46 EST 2025
SLURM Job ID: 44851
Node List: classt05
==========================================

Python version:
Python 3.11.5

GPU Memory Info (initial):
memory.total [MiB], memory.used [MiB], memory.free [MiB]
11264 MiB, 0 MiB, 11004 MiB

Using data from:
  Graphs:   /home/sxi219/RAI-Account/multi-stage-GNN-code-security/IPAG-GIN-CFEExplainer/data/splits/processed_graphs_multi_class.pkl
  Metadata: /home/sxi219/RAI-Account/multi-stage-GNN-code-security/IPAG-GIN-CFEExplainer/data/splits/dataset_metadata.pkl

==========================================
Experiment: exp6_top30_more_steps
==========================================
Experiment 6
Approximate parameter count: Core GGNN ≈ 0.21M parameters (2·6·128² + readout). Few layers but reused across 8 propagation steps, keeping params very low.
Expected behaviour: More propagation steps boost long-range contextual reasoning without adding parameters. Risk of oversmoothing exists; F1/AUC may drop if node features homogenize. However, can improve stability and fairness via smoother decision boundaries.

Model Configuration:
  Embedding Dim:     64
  Hidden Dim:        128
  GGNN Layers:       2
  Propagation Steps: 8
  Dropout:           0.3

Training Configuration:
  Batch Size:        8
  Epochs:            100
  Learning Rate:     0.001
  Weight Decay:      1e-5
  Num Workers:       4
  Seed:              47

Data Splits:
  Train Ratio:       0.8
  Val Ratio:         0.1
  Test Ratio:        0.1

Checkpoint directory: /home/sxi219/RAI-Account/multi-stage-GNN-code-security/IPAG-GIN-CFEExplainer/multiclass_experiment/checkpoints/exp6_top30_more_steps

==========================================
Starting Training
==========================================

Using device: cuda

Loading processed graphs...
Loaded 149980 graphs from /home/sxi219/RAI-Account/multi-stage-GNN-code-security/IPAG-GIN-CFEExplainer/data/splits/processed_graphs_multi_class.pkl
Loading metadata...
  vocab_sizes: {'node_type': 5, 'original_type': 223, 'label': 520106}
  total_samples (metadata): 149980
  idx_to_cwe entries: 91

Filtering to top 30 CWE classes by frequency...
Top 30 classes (original indices and counts):
  CWE_idx 1: 26255 samples
  CWE_idx 14: 19940 samples
  CWE_idx 45: 14792 samples
  CWE_idx 21: 12451 samples
  CWE_idx 49: 9658 samples
  CWE_idx 15: 8619 samples
  CWE_idx 3: 7656 samples
  CWE_idx 10: 6378 samples
  CWE_idx 42: 6073 samples
  CWE_idx 52: 4559 samples
  CWE_idx 12: 3643 samples
  CWE_idx 19: 3000 samples
  CWE_idx 79: 2918 samples
  CWE_idx 24: 2425 samples
  CWE_idx 69: 1480 samples
  CWE_idx 29: 1478 samples
  CWE_idx 46: 1282 samples
  CWE_idx 77: 1205 samples
  CWE_idx 57: 1049 samples
  CWE_idx 60: 1026 samples
  CWE_idx 48: 993 samples
  CWE_idx 22: 930 samples
  CWE_idx 47: 916 samples
  CWE_idx 67: 908 samples
  CWE_idx 80: 877 samples
  CWE_idx 83: 826 samples
  CWE_idx 43: 740 samples
  CWE_idx 11: 723 samples
  CWE_idx 7: 684 samples
  CWE_idx 17: 683 samples
Kept 144167 graphs out of 149980 after top-30 filtering.
New num_classes (top-30 only): 30

Converting graphs to PyG Data objects...
Converted 144167 graphs, skipped 0 empty graphs.

Creating stratified train/val/test split...
Split sizes -> train: 115323, val: 14403, test: 14441

Initializing GGNN model...

Starting training...
Epoch 001 | Train Loss: 2.5079, Train Acc: 0.2614, Train F1 (macro): 0.0747 | Val Loss: 2.0349, Val Acc: 0.3836, Val F1 (macro): 0.1807
  --> New best model saved to /home/sxi219/RAI-Account/multi-stage-GNN-code-security/IPAG-GIN-CFEExplainer/multiclass_experiment/checkpoints/exp6_top30_more_steps/best_model.pt
Epoch 002 | Train Loss: 1.7338, Train Acc: 0.4979, Train F1 (macro): 0.2867 | Val Loss: 1.4760, Val Acc: 0.5731, Val F1 (macro): 0.4084
  --> New best model saved to /home/sxi219/RAI-Account/multi-stage-GNN-code-security/IPAG-GIN-CFEExplainer/multiclass_experiment/checkpoints/exp6_top30_more_steps/best_model.pt
Epoch 003 | Train Loss: 1.3848, Train Acc: 0.6097, Train F1 (macro): 0.4527 | Val Loss: 1.2752, Val Acc: 0.6418, Val F1 (macro): 0.5609
  --> New best model saved to /home/sxi219/RAI-Account/multi-stage-GNN-code-security/IPAG-GIN-CFEExplainer/multiclass_experiment/checkpoints/exp6_top30_more_steps/best_model.pt
Epoch 004 | Train Loss: 1.2005, Train Acc: 0.6688, Train F1 (macro): 0.5583 | Val Loss: 1.1356, Val Acc: 0.6864, Val F1 (macro): 0.6506
  --> New best model saved to /home/sxi219/RAI-Account/multi-stage-GNN-code-security/IPAG-GIN-CFEExplainer/multiclass_experiment/checkpoints/exp6_top30_more_steps/best_model.pt
Epoch 005 | Train Loss: 1.0868, Train Acc: 0.7010, Train F1 (macro): 0.6219 | Val Loss: 1.1003, Val Acc: 0.7001, Val F1 (macro): 0.6721
  --> New best model saved to /home/sxi219/RAI-Account/multi-stage-GNN-code-security/IPAG-GIN-CFEExplainer/multiclass_experiment/checkpoints/exp6_top30_more_steps/best_model.pt
Epoch 006 | Train Loss: 1.0199, Train Acc: 0.7218, Train F1 (macro): 0.6590 | Val Loss: 1.0944, Val Acc: 0.7027, Val F1 (macro): 0.6814
  --> New best model saved to /home/sxi219/RAI-Account/multi-stage-GNN-code-security/IPAG-GIN-CFEExplainer/multiclass_experiment/checkpoints/exp6_top30_more_steps/best_model.pt
Epoch 007 | Train Loss: 0.9648, Train Acc: 0.7367, Train F1 (macro): 0.6820 | Val Loss: 1.0569, Val Acc: 0.7143, Val F1 (macro): 0.6951
  --> New best model saved to /home/sxi219/RAI-Account/multi-stage-GNN-code-security/IPAG-GIN-CFEExplainer/multiclass_experiment/checkpoints/exp6_top30_more_steps/best_model.pt
Epoch 008 | Train Loss: 0.9315, Train Acc: 0.7453, Train F1 (macro): 0.6960 | Val Loss: 1.0468, Val Acc: 0.7139, Val F1 (macro): 0.7038
  --> New best model saved to /home/sxi219/RAI-Account/multi-stage-GNN-code-security/IPAG-GIN-CFEExplainer/multiclass_experiment/checkpoints/exp6_top30_more_steps/best_model.pt
Epoch 009 | Train Loss: 0.8992, Train Acc: 0.7523, Train F1 (macro): 0.7057 | Val Loss: 1.0348, Val Acc: 0.7177, Val F1 (macro): 0.7044
  --> New best model saved to /home/sxi219/RAI-Account/multi-stage-GNN-code-security/IPAG-GIN-CFEExplainer/multiclass_experiment/checkpoints/exp6_top30_more_steps/best_model.pt
Epoch 010 | Train Loss: 0.8686, Train Acc: 0.7610, Train F1 (macro): 0.7184 | Val Loss: 1.0491, Val Acc: 0.7137, Val F1 (macro): 0.7063
  --> New best model saved to /home/sxi219/RAI-Account/multi-stage-GNN-code-security/IPAG-GIN-CFEExplainer/multiclass_experiment/checkpoints/exp6_top30_more_steps/best_model.pt
Epoch 011 | Train Loss: 0.8436, Train Acc: 0.7682, Train F1 (macro): 0.7282 | Val Loss: 1.0530, Val Acc: 0.7050, Val F1 (macro): 0.6990
Epoch 012 | Train Loss: 0.8246, Train Acc: 0.7741, Train F1 (macro): 0.7336 | Val Loss: 1.0518, Val Acc: 0.7144, Val F1 (macro): 0.7036
Epoch 013 | Train Loss: 0.8093, Train Acc: 0.7760, Train F1 (macro): 0.7349 | Val Loss: 1.0316, Val Acc: 0.7245, Val F1 (macro): 0.7107
  --> New best model saved to /home/sxi219/RAI-Account/multi-stage-GNN-code-security/IPAG-GIN-CFEExplainer/multiclass_experiment/checkpoints/exp6_top30_more_steps/best_model.pt
Epoch 014 | Train Loss: 0.7933, Train Acc: 0.7811, Train F1 (macro): 0.7421 | Val Loss: 1.0588, Val Acc: 0.7162, Val F1 (macro): 0.6990
Epoch 015 | Train Loss: 0.7794, Train Acc: 0.7853, Train F1 (macro): 0.7484 | Val Loss: 1.0401, Val Acc: 0.7257, Val F1 (macro): 0.7191
  --> New best model saved to /home/sxi219/RAI-Account/multi-stage-GNN-code-security/IPAG-GIN-CFEExplainer/multiclass_experiment/checkpoints/exp6_top30_more_steps/best_model.pt
Epoch 016 | Train Loss: 0.7725, Train Acc: 0.7869, Train F1 (macro): 0.7500 | Val Loss: 1.0524, Val Acc: 0.7256, Val F1 (macro): 0.7195
  --> New best model saved to /home/sxi219/RAI-Account/multi-stage-GNN-code-security/IPAG-GIN-CFEExplainer/multiclass_experiment/checkpoints/exp6_top30_more_steps/best_model.pt
Epoch 017 | Train Loss: 0.7615, Train Acc: 0.7889, Train F1 (macro): 0.7532 | Val Loss: 1.0102, Val Acc: 0.7276, Val F1 (macro): 0.7257
  --> New best model saved to /home/sxi219/RAI-Account/multi-stage-GNN-code-security/IPAG-GIN-CFEExplainer/multiclass_experiment/checkpoints/exp6_top30_more_steps/best_model.pt
Epoch 018 | Train Loss: 0.7513, Train Acc: 0.7905, Train F1 (macro): 0.7571 | Val Loss: 1.0491, Val Acc: 0.7132, Val F1 (macro): 0.7062
Epoch 019 | Train Loss: 0.7387, Train Acc: 0.7955, Train F1 (macro): 0.7625 | Val Loss: 1.0290, Val Acc: 0.7226, Val F1 (macro): 0.7085
Epoch 020 | Train Loss: 0.7295, Train Acc: 0.7973, Train F1 (macro): 0.7663 | Val Loss: 0.9914, Val Acc: 0.7272, Val F1 (macro): 0.7230
Epoch 021 | Train Loss: 0.7249, Train Acc: 0.7982, Train F1 (macro): 0.7663 | Val Loss: 0.9696, Val Acc: 0.7372, Val F1 (macro): 0.7297
  --> New best model saved to /home/sxi219/RAI-Account/multi-stage-GNN-code-security/IPAG-GIN-CFEExplainer/multiclass_experiment/checkpoints/exp6_top30_more_steps/best_model.pt
Epoch 022 | Train Loss: 0.7099, Train Acc: 0.8010, Train F1 (macro): 0.7683 | Val Loss: 1.0004, Val Acc: 0.7285, Val F1 (macro): 0.7298
  --> New best model saved to /home/sxi219/RAI-Account/multi-stage-GNN-code-security/IPAG-GIN-CFEExplainer/multiclass_experiment/checkpoints/exp6_top30_more_steps/best_model.pt
Epoch 023 | Train Loss: 0.7085, Train Acc: 0.8025, Train F1 (macro): 0.7732 | Val Loss: 1.0034, Val Acc: 0.7267, Val F1 (macro): 0.7237
Epoch 024 | Train Loss: 0.6979, Train Acc: 0.8031, Train F1 (macro): 0.7740 | Val Loss: 1.0318, Val Acc: 0.7276, Val F1 (macro): 0.7229
Epoch 025 | Train Loss: 0.6951, Train Acc: 0.8054, Train F1 (macro): 0.7791 | Val Loss: 1.0077, Val Acc: 0.7276, Val F1 (macro): 0.7280
Epoch 026 | Train Loss: 0.6884, Train Acc: 0.8054, Train F1 (macro): 0.7812 | Val Loss: 1.0804, Val Acc: 0.7241, Val F1 (macro): 0.7205
Epoch 027 | Train Loss: 0.6844, Train Acc: 0.8078, Train F1 (macro): 0.7809 | Val Loss: 1.0059, Val Acc: 0.7327, Val F1 (macro): 0.7286
Epoch 028 | Train Loss: 0.6805, Train Acc: 0.8084, Train F1 (macro): 0.7825 | Val Loss: 1.0229, Val Acc: 0.7339, Val F1 (macro): 0.7247
Epoch 029 | Train Loss: 0.6768, Train Acc: 0.8098, Train F1 (macro): 0.7844 | Val Loss: 1.0055, Val Acc: 0.7287, Val F1 (macro): 0.7262
Epoch 030 | Train Loss: 0.6698, Train Acc: 0.8113, Train F1 (macro): 0.7853 | Val Loss: 1.0789, Val Acc: 0.7240, Val F1 (macro): 0.7214
Epoch 031 | Train Loss: 0.6643, Train Acc: 0.8125, Train F1 (macro): 0.7855 | Val Loss: 0.9977, Val Acc: 0.7314, Val F1 (macro): 0.7332
  --> New best model saved to /home/sxi219/RAI-Account/multi-stage-GNN-code-security/IPAG-GIN-CFEExplainer/multiclass_experiment/checkpoints/exp6_top30_more_steps/best_model.pt
Epoch 032 | Train Loss: 0.6632, Train Acc: 0.8127, Train F1 (macro): 0.7859 | Val Loss: 0.9681, Val Acc: 0.7368, Val F1 (macro): 0.7319
Epoch 033 | Train Loss: 0.6591, Train Acc: 0.8130, Train F1 (macro): 0.7881 | Val Loss: 1.0107, Val Acc: 0.7389, Val F1 (macro): 0.7219
Epoch 034 | Train Loss: 0.6513, Train Acc: 0.8152, Train F1 (macro): 0.7904 | Val Loss: 1.0036, Val Acc: 0.7332, Val F1 (macro): 0.7243
Epoch 035 | Train Loss: 0.6544, Train Acc: 0.8149, Train F1 (macro): 0.7874 | Val Loss: 1.0368, Val Acc: 0.7287, Val F1 (macro): 0.7148
Epoch 036 | Train Loss: 0.6453, Train Acc: 0.8176, Train F1 (macro): 0.7919 | Val Loss: 1.0222, Val Acc: 0.7338, Val F1 (macro): 0.7270
Epoch 037 | Train Loss: 0.6422, Train Acc: 0.8169, Train F1 (macro): 0.7904 | Val Loss: 1.0356, Val Acc: 0.7387, Val F1 (macro): 0.7265
Epoch 038 | Train Loss: 0.6404, Train Acc: 0.8174, Train F1 (macro): 0.7927 | Val Loss: 1.0630, Val Acc: 0.7292, Val F1 (macro): 0.7168
Epoch 039 | Train Loss: 0.6354, Train Acc: 0.8199, Train F1 (macro): 0.7945 | Val Loss: 1.1172, Val Acc: 0.7390, Val F1 (macro): 0.7316
Epoch 040 | Train Loss: 0.6376, Train Acc: 0.8174, Train F1 (macro): 0.7915 | Val Loss: 1.1021, Val Acc: 0.7233, Val F1 (macro): 0.7193
Epoch 041 | Train Loss: 0.6306, Train Acc: 0.8198, Train F1 (macro): 0.7940 | Val Loss: 1.1002, Val Acc: 0.7383, Val F1 (macro): 0.7186
Epoch 042 | Train Loss: 0.6293, Train Acc: 0.8194, Train F1 (macro): 0.7944 | Val Loss: 1.0632, Val Acc: 0.7413, Val F1 (macro): 0.7258
Epoch 043 | Train Loss: 0.6281, Train Acc: 0.8209, Train F1 (macro): 0.7974 | Val Loss: 1.0563, Val Acc: 0.7246, Val F1 (macro): 0.7195
Epoch 044 | Train Loss: 0.6249, Train Acc: 0.8214, Train F1 (macro): 0.7964 | Val Loss: 1.1006, Val Acc: 0.7310, Val F1 (macro): 0.7224
Epoch 045 | Train Loss: 0.6261, Train Acc: 0.8217, Train F1 (macro): 0.7973 | Val Loss: 1.0200, Val Acc: 0.7383, Val F1 (macro): 0.7330
Epoch 046 | Train Loss: 0.6184, Train Acc: 0.8225, Train F1 (macro): 0.7999 | Val Loss: 1.0673, Val Acc: 0.7328, Val F1 (macro): 0.7268
Epoch 047 | Train Loss: 0.6194, Train Acc: 0.8226, Train F1 (macro): 0.7977 | Val Loss: 1.0945, Val Acc: 0.7342, Val F1 (macro): 0.7318
Epoch 048 | Train Loss: 0.6148, Train Acc: 0.8235, Train F1 (macro): 0.8016 | Val Loss: 1.1968, Val Acc: 0.7193, Val F1 (macro): 0.7029
Epoch 049 | Train Loss: 0.6150, Train Acc: 0.8240, Train F1 (macro): 0.7988 | Val Loss: 1.0813, Val Acc: 0.7280, Val F1 (macro): 0.7224
Epoch 050 | Train Loss: 0.6127, Train Acc: 0.8237, Train F1 (macro): 0.8007 | Val Loss: 1.1200, Val Acc: 0.7418, Val F1 (macro): 0.7294
Epoch 051 | Train Loss: 0.6102, Train Acc: 0.8239, Train F1 (macro): 0.8005 | Val Loss: 1.0474, Val Acc: 0.7443, Val F1 (macro): 0.7343
  --> New best model saved to /home/sxi219/RAI-Account/multi-stage-GNN-code-security/IPAG-GIN-CFEExplainer/multiclass_experiment/checkpoints/exp6_top30_more_steps/best_model.pt
Epoch 052 | Train Loss: 0.6091, Train Acc: 0.8248, Train F1 (macro): 0.8042 | Val Loss: 1.0603, Val Acc: 0.7371, Val F1 (macro): 0.7246
Epoch 053 | Train Loss: 0.6101, Train Acc: 0.8241, Train F1 (macro): 0.8009 | Val Loss: 1.1353, Val Acc: 0.7357, Val F1 (macro): 0.7240
Epoch 054 | Train Loss: 0.6064, Train Acc: 0.8252, Train F1 (macro): 0.8031 | Val Loss: 1.1120, Val Acc: 0.7362, Val F1 (macro): 0.7287
Epoch 055 | Train Loss: 0.6042, Train Acc: 0.8269, Train F1 (macro): 0.8052 | Val Loss: 1.2160, Val Acc: 0.7064, Val F1 (macro): 0.7081
Epoch 056 | Train Loss: 0.6012, Train Acc: 0.8270, Train F1 (macro): 0.8034 | Val Loss: 1.1717, Val Acc: 0.7174, Val F1 (macro): 0.7158
Epoch 057 | Train Loss: 0.5979, Train Acc: 0.8265, Train F1 (macro): 0.8042 | Val Loss: 1.1859, Val Acc: 0.7156, Val F1 (macro): 0.7113
Epoch 058 | Train Loss: 0.6010, Train Acc: 0.8264, Train F1 (macro): 0.8024 | Val Loss: 1.1023, Val Acc: 0.7292, Val F1 (macro): 0.7265
Epoch 059 | Train Loss: 0.5959, Train Acc: 0.8278, Train F1 (macro): 0.8067 | Val Loss: 1.0856, Val Acc: 0.7318, Val F1 (macro): 0.7336
Epoch 060 | Train Loss: 0.5939, Train Acc: 0.8279, Train F1 (macro): 0.8075 | Val Loss: 1.1006, Val Acc: 0.7353, Val F1 (macro): 0.7230
Epoch 061 | Train Loss: 0.5958, Train Acc: 0.8277, Train F1 (macro): 0.8047 | Val Loss: 1.0374, Val Acc: 0.7322, Val F1 (macro): 0.7250
Epoch 062 | Train Loss: 0.5895, Train Acc: 0.8294, Train F1 (macro): 0.8110 | Val Loss: 1.0606, Val Acc: 0.7370, Val F1 (macro): 0.7259
Epoch 063 | Train Loss: 0.5909, Train Acc: 0.8291, Train F1 (macro): 0.8095 | Val Loss: 1.0220, Val Acc: 0.7430, Val F1 (macro): 0.7323
Epoch 064 | Train Loss: 0.5924, Train Acc: 0.8287, Train F1 (macro): 0.8072 | Val Loss: 1.0534, Val Acc: 0.7424, Val F1 (macro): 0.7270
Epoch 065 | Train Loss: 0.5857, Train Acc: 0.8287, Train F1 (macro): 0.8073 | Val Loss: 0.9856, Val Acc: 0.7398, Val F1 (macro): 0.7311
Epoch 066 | Train Loss: 0.5916, Train Acc: 0.8273, Train F1 (macro): 0.8070 | Val Loss: 1.1286, Val Acc: 0.7236, Val F1 (macro): 0.7172
Epoch 067 | Train Loss: 0.5862, Train Acc: 0.8293, Train F1 (macro): 0.8111 | Val Loss: 1.0566, Val Acc: 0.7445, Val F1 (macro): 0.7298
Epoch 068 | Train Loss: 0.5877, Train Acc: 0.8283, Train F1 (macro): 0.8076 | Val Loss: 1.1051, Val Acc: 0.7279, Val F1 (macro): 0.7225
Epoch 069 | Train Loss: 0.5855, Train Acc: 0.8297, Train F1 (macro): 0.8100 | Val Loss: 1.0293, Val Acc: 0.7408, Val F1 (macro): 0.7286
Epoch 070 | Train Loss: 0.5874, Train Acc: 0.8289, Train F1 (macro): 0.8089 | Val Loss: 1.0121, Val Acc: 0.7397, Val F1 (macro): 0.7296
Epoch 071 | Train Loss: 0.5846, Train Acc: 0.8295, Train F1 (macro): 0.8101 | Val Loss: 1.0715, Val Acc: 0.7378, Val F1 (macro): 0.7252
Epoch 072 | Train Loss: 0.5810, Train Acc: 0.8301, Train F1 (macro): 0.8110 | Val Loss: 0.9890, Val Acc: 0.7396, Val F1 (macro): 0.7343
Epoch 073 | Train Loss: 0.5796, Train Acc: 0.8315, Train F1 (macro): 0.8136 | Val Loss: 1.0030, Val Acc: 0.7401, Val F1 (macro): 0.7307
Epoch 074 | Train Loss: 0.5805, Train Acc: 0.8303, Train F1 (macro): 0.8085 | Val Loss: 1.0304, Val Acc: 0.7359, Val F1 (macro): 0.7332
Epoch 075 | Train Loss: 0.5821, Train Acc: 0.8311, Train F1 (macro): 0.8112 | Val Loss: 1.0222, Val Acc: 0.7336, Val F1 (macro): 0.7243
Epoch 076 | Train Loss: 0.5803, Train Acc: 0.8302, Train F1 (macro): 0.8112 | Val Loss: 1.0864, Val Acc: 0.7348, Val F1 (macro): 0.7226
Epoch 077 | Train Loss: 0.5784, Train Acc: 0.8302, Train F1 (macro): 0.8109 | Val Loss: 1.1372, Val Acc: 0.7244, Val F1 (macro): 0.7153
Epoch 078 | Train Loss: 0.5764, Train Acc: 0.8312, Train F1 (macro): 0.8132 | Val Loss: 1.0481, Val Acc: 0.7370, Val F1 (macro): 0.7263
Epoch 079 | Train Loss: 0.5748, Train Acc: 0.8327, Train F1 (macro): 0.8163 | Val Loss: 1.0968, Val Acc: 0.7318, Val F1 (macro): 0.7218
Epoch 080 | Train Loss: 0.5798, Train Acc: 0.8323, Train F1 (macro): 0.8136 | Val Loss: 1.1207, Val Acc: 0.7305, Val F1 (macro): 0.7121
Epoch 081 | Train Loss: 0.5810, Train Acc: 0.8304, Train F1 (macro): 0.8099 | Val Loss: 1.0930, Val Acc: 0.7325, Val F1 (macro): 0.7197
Epoch 082 | Train Loss: 0.5779, Train Acc: 0.8317, Train F1 (macro): 0.8129 | Val Loss: 1.0469, Val Acc: 0.7375, Val F1 (macro): 0.7272
Epoch 083 | Train Loss: 0.5828, Train Acc: 0.8294, Train F1 (macro): 0.8094 | Val Loss: 1.0512, Val Acc: 0.7387, Val F1 (macro): 0.7298
Epoch 084 | Train Loss: 0.5811, Train Acc: 0.8304, Train F1 (macro): 0.8110 | Val Loss: 1.0480, Val Acc: 0.7471, Val F1 (macro): 0.7339
Epoch 085 | Train Loss: 0.5798, Train Acc: 0.8308, Train F1 (macro): 0.8122 | Val Loss: 1.1304, Val Acc: 0.7267, Val F1 (macro): 0.7172
Epoch 086 | Train Loss: 0.5827, Train Acc: 0.8288, Train F1 (macro): 0.8093 | Val Loss: 1.0281, Val Acc: 0.7401, Val F1 (macro): 0.7299
Epoch 087 | Train Loss: 0.5812, Train Acc: 0.8306, Train F1 (macro): 0.8114 | Val Loss: 1.0112, Val Acc: 0.7397, Val F1 (macro): 0.7230
Epoch 088 | Train Loss: 0.5755, Train Acc: 0.8318, Train F1 (macro): 0.8122 | Val Loss: 1.0461, Val Acc: 0.7360, Val F1 (macro): 0.7276
Epoch 089 | Train Loss: 0.5803, Train Acc: 0.8303, Train F1 (macro): 0.8098 | Val Loss: 1.0754, Val Acc: 0.7355, Val F1 (macro): 0.7249
Epoch 090 | Train Loss: 0.5758, Train Acc: 0.8323, Train F1 (macro): 0.8142 | Val Loss: 1.0375, Val Acc: 0.7380, Val F1 (macro): 0.7286
Epoch 091 | Train Loss: 0.5814, Train Acc: 0.8299, Train F1 (macro): 0.8108 | Val Loss: 1.0136, Val Acc: 0.7424, Val F1 (macro): 0.7284
Epoch 092 | Train Loss: 0.5791, Train Acc: 0.8298, Train F1 (macro): 0.8097 | Val Loss: 1.0433, Val Acc: 0.7382, Val F1 (macro): 0.7335
Epoch 093 | Train Loss: 0.5816, Train Acc: 0.8308, Train F1 (macro): 0.8109 | Val Loss: 1.1253, Val Acc: 0.7308, Val F1 (macro): 0.7198
Epoch 094 | Train Loss: 0.5804, Train Acc: 0.8299, Train F1 (macro): 0.8123 | Val Loss: 1.0395, Val Acc: 0.7388, Val F1 (macro): 0.7306
Epoch 095 | Train Loss: 0.5736, Train Acc: 0.8317, Train F1 (macro): 0.8141 | Val Loss: 0.9979, Val Acc: 0.7451, Val F1 (macro): 0.7353
  --> New best model saved to /home/sxi219/RAI-Account/multi-stage-GNN-code-security/IPAG-GIN-CFEExplainer/multiclass_experiment/checkpoints/exp6_top30_more_steps/best_model.pt
Epoch 096 | Train Loss: 0.5780, Train Acc: 0.8305, Train F1 (macro): 0.8137 | Val Loss: 1.0231, Val Acc: 0.7405, Val F1 (macro): 0.7292
Epoch 097 | Train Loss: 0.5748, Train Acc: 0.8312, Train F1 (macro): 0.8127 | Val Loss: 1.0489, Val Acc: 0.7348, Val F1 (macro): 0.7294
Epoch 098 | Train Loss: 0.5795, Train Acc: 0.8293, Train F1 (macro): 0.8129 | Val Loss: 1.0639, Val Acc: 0.7419, Val F1 (macro): 0.7258
Epoch 099 | Train Loss: 0.5740, Train Acc: 0.8321, Train F1 (macro): 0.8146 | Val Loss: 1.0179, Val Acc: 0.7444, Val F1 (macro): 0.7386
  --> New best model saved to /home/sxi219/RAI-Account/multi-stage-GNN-code-security/IPAG-GIN-CFEExplainer/multiclass_experiment/checkpoints/exp6_top30_more_steps/best_model.pt
Epoch 100 | Train Loss: 0.5747, Train Acc: 0.8314, Train F1 (macro): 0.8145 | Val Loss: 1.0282, Val Acc: 0.7378, Val F1 (macro): 0.7283

Loading best checkpoint for final test evaluation...
Loaded checkpoint from epoch 99

=== FINAL TEST METRICS ===
Test Loss: 1.0425
Test Acc:  0.7331
Test Macro Precision: 0.7925
Test Macro Recall:    0.6784
Test Macro F1:        0.7251

=== RESPONSIBLE AI METRICS (PER-CLASS & DISPARITIES) ===
Overall: {'accuracy': 0.7330517172813416, 'macro_precision': 0.7924893498420715, 'macro_recall': 0.6783551573753357, 'macro_f1': 0.7251313924789429}
Disparity: {'f1_min': 0.3669724762439728, 'f1_max': 0.8852458596229553, 'f1_diff': 0.5182733833789825, 'f1_ratio': 2.412294907129416, 'recall_min': 0.28985506296157837, 'recall_max': 0.8709677457809448, 'recall_diff': 0.5811126828193665, 'recall_ratio': 3.0048387177836133}

Lowest 5 classes by F1:
  CWE-17 (id=28): support=69, precision=0.500, recall=0.290, f1=0.367
  CWE-400 (id=16): support=129, precision=0.716, recall=0.450, f1=0.552
  CWE-369 (id=26): support=74, precision=0.816, recall=0.541, f1=0.650
  CWE-362 (id=8): support=608, precision=0.726, recall=0.602, f1=0.658
  CWE-19 (id=27): support=73, precision=0.833, recall=0.548, f1=0.661

Highest 5 classes by F1:
  CWE-617 (id=19): support=104, precision=0.864, recall=0.731, f1=0.792
  CWE-22 (id=29): support=69, precision=0.912, recall=0.754, f1=0.825
  CWE-704 (id=23): support=92, precision=0.826, recall=0.826, f1=0.826
  CWE-79 (id=24): support=89, precision=0.866, recall=0.798, f1=0.830
  CWE-404 (id=22): support=93, precision=0.900, recall=0.871, f1=0.885

Responsible AI report saved to: /home/sxi219/RAI-Account/multi-stage-GNN-code-security/IPAG-GIN-CFEExplainer/multiclass_experiment/checkpoints/exp6_top30_more_steps/responsible_ai_report.json

==========================================
Training script exited with code: 0
==========================================

✓ Training completed successfully

Final GPU Memory:
memory.used [MiB], memory.free [MiB]
0 MiB, 11004 MiB

Completed at: Wed Nov 26 02:30:54 EST 2025
==========================================

Job information saved to: /home/sxi219/RAI-Account/multi-stage-GNN-code-security/IPAG-GIN-CFEExplainer/multiclass_experiment/checkpoints/exp6_top30_more_steps/job_info.txt

