==========================================
GGNN CWE Top-30 Classification Experiment
Started at: Tue Nov 25 15:00:09 EST 2025
SLURM Job ID: 44849
Node List: classt08
==========================================

Python version:
Python 3.11.5

GPU Memory Info (initial):
memory.total [MiB], memory.used [MiB], memory.free [MiB]
11264 MiB, 1 MiB, 10825 MiB

Using data from:
  Graphs:   /home/sxi219/RAI-Account/multi-stage-GNN-code-security/IPAG-GIN-CFEExplainer/data/splits/processed_graphs_multi_class.pkl
  Metadata: /home/sxi219/RAI-Account/multi-stage-GNN-code-security/IPAG-GIN-CFEExplainer/data/splits/dataset_metadata.pkl

==========================================
Experiment: exp4_top30_narrow_deep
==========================================
Experiment 4
Approximate parameter count: Core GGNN ≈ 0.20M parameters (8·6·64² + readout). Very small overall footprint.
Expected behaviour: Narrow-but-deep structure focuses on incremental transformations with long-range modeling. Expected strong generalization and stability, lower overfitting, but may underfit very complex patterns. Often beneficial for fairness due to smoother predictions.

Model Configuration:
  Embedding Dim:     32
  Hidden Dim:        64
  GGNN Layers:       8
  Propagation Steps: 4
  Dropout:           0.3

Training Configuration:
  Batch Size:        8
  Epochs:            100
  Learning Rate:     0.001
  Weight Decay:      1e-5
  Num Workers:       4
  Seed:              45

Data Splits:
  Train Ratio:       0.8
  Val Ratio:         0.1
  Test Ratio:        0.1

Checkpoint directory: /home/sxi219/RAI-Account/multi-stage-GNN-code-security/IPAG-GIN-CFEExplainer/multiclass_experiment/checkpoints/exp4_top30_narrow_deep

==========================================
Starting Training
==========================================

Using device: cuda

Loading processed graphs...
Loaded 149980 graphs from /home/sxi219/RAI-Account/multi-stage-GNN-code-security/IPAG-GIN-CFEExplainer/data/splits/processed_graphs_multi_class.pkl
Loading metadata...
  vocab_sizes: {'node_type': 5, 'original_type': 223, 'label': 520106}
  total_samples (metadata): 149980
  idx_to_cwe entries: 91

Filtering to top 30 CWE classes by frequency...
Top 30 classes (original indices and counts):
  CWE_idx 1: 26255 samples
  CWE_idx 14: 19940 samples
  CWE_idx 45: 14792 samples
  CWE_idx 21: 12451 samples
  CWE_idx 49: 9658 samples
  CWE_idx 15: 8619 samples
  CWE_idx 3: 7656 samples
  CWE_idx 10: 6378 samples
  CWE_idx 42: 6073 samples
  CWE_idx 52: 4559 samples
  CWE_idx 12: 3643 samples
  CWE_idx 19: 3000 samples
  CWE_idx 79: 2918 samples
  CWE_idx 24: 2425 samples
  CWE_idx 69: 1480 samples
  CWE_idx 29: 1478 samples
  CWE_idx 46: 1282 samples
  CWE_idx 77: 1205 samples
  CWE_idx 57: 1049 samples
  CWE_idx 60: 1026 samples
  CWE_idx 48: 993 samples
  CWE_idx 22: 930 samples
  CWE_idx 47: 916 samples
  CWE_idx 67: 908 samples
  CWE_idx 80: 877 samples
  CWE_idx 83: 826 samples
  CWE_idx 43: 740 samples
  CWE_idx 11: 723 samples
  CWE_idx 7: 684 samples
  CWE_idx 17: 683 samples
Kept 144167 graphs out of 149980 after top-30 filtering.
New num_classes (top-30 only): 30

Converting graphs to PyG Data objects...
Converted 144167 graphs, skipped 0 empty graphs.

Creating stratified train/val/test split...
Split sizes -> train: 115323, val: 14403, test: 14441

Initializing GGNN model...

Starting training...
Epoch 001 | Train Loss: 2.8056, Train Acc: 0.1778, Train F1 (macro): 0.0136 | Val Loss: 2.7552, Val Acc: 0.1817, Val F1 (macro): 0.0183
  --> New best model saved to /home/sxi219/RAI-Account/multi-stage-GNN-code-security/IPAG-GIN-CFEExplainer/multiclass_experiment/checkpoints/exp4_top30_narrow_deep/best_model.pt
Epoch 002 | Train Loss: 2.6195, Train Acc: 0.2294, Train F1 (macro): 0.0378 | Val Loss: 2.5057, Val Acc: 0.2722, Val F1 (macro): 0.0523
  --> New best model saved to /home/sxi219/RAI-Account/multi-stage-GNN-code-security/IPAG-GIN-CFEExplainer/multiclass_experiment/checkpoints/exp4_top30_narrow_deep/best_model.pt
Epoch 003 | Train Loss: 2.4821, Train Acc: 0.2751, Train F1 (macro): 0.0510 | Val Loss: 2.4465, Val Acc: 0.2861, Val F1 (macro): 0.0512
Epoch 004 | Train Loss: 2.4802, Train Acc: 0.2778, Train F1 (macro): 0.0512 | Val Loss: 2.3798, Val Acc: 0.3040, Val F1 (macro): 0.0571
  --> New best model saved to /home/sxi219/RAI-Account/multi-stage-GNN-code-security/IPAG-GIN-CFEExplainer/multiclass_experiment/checkpoints/exp4_top30_narrow_deep/best_model.pt
Epoch 005 | Train Loss: 2.4225, Train Acc: 0.2905, Train F1 (macro): 0.0547 | Val Loss: 2.3404, Val Acc: 0.3101, Val F1 (macro): 0.0629
  --> New best model saved to /home/sxi219/RAI-Account/multi-stage-GNN-code-security/IPAG-GIN-CFEExplainer/multiclass_experiment/checkpoints/exp4_top30_narrow_deep/best_model.pt
Epoch 006 | Train Loss: 2.4134, Train Acc: 0.2920, Train F1 (macro): 0.0569 | Val Loss: 2.4139, Val Acc: 0.2971, Val F1 (macro): 0.0595
Epoch 007 | Train Loss: 2.3844, Train Acc: 0.2977, Train F1 (macro): 0.0612 | Val Loss: 2.5118, Val Acc: 0.2854, Val F1 (macro): 0.0638
  --> New best model saved to /home/sxi219/RAI-Account/multi-stage-GNN-code-security/IPAG-GIN-CFEExplainer/multiclass_experiment/checkpoints/exp4_top30_narrow_deep/best_model.pt
Epoch 008 | Train Loss: 2.4124, Train Acc: 0.2915, Train F1 (macro): 0.0590 | Val Loss: 2.4016, Val Acc: 0.2914, Val F1 (macro): 0.0545
Epoch 009 | Train Loss: 2.4483, Train Acc: 0.2783, Train F1 (macro): 0.0528 | Val Loss: 2.4203, Val Acc: 0.2863, Val F1 (macro): 0.0509
Epoch 010 | Train Loss: 2.4374, Train Acc: 0.2813, Train F1 (macro): 0.0539 | Val Loss: 2.4518, Val Acc: 0.2814, Val F1 (macro): 0.0511
Epoch 011 | Train Loss: 2.4419, Train Acc: 0.2814, Train F1 (macro): 0.0542 | Val Loss: 2.5122, Val Acc: 0.2797, Val F1 (macro): 0.0515
Epoch 012 | Train Loss: 2.4923, Train Acc: 0.2707, Train F1 (macro): 0.0503 | Val Loss: 2.8698, Val Acc: 0.1725, Val F1 (macro): 0.0282
Epoch 013 | Train Loss: 2.4999, Train Acc: 0.2662, Train F1 (macro): 0.0507 | Val Loss: 2.9035, Val Acc: 0.1606, Val F1 (macro): 0.0202
Epoch 014 | Train Loss: 2.4889, Train Acc: 0.2680, Train F1 (macro): 0.0510 | Val Loss: 2.6463, Val Acc: 0.2099, Val F1 (macro): 0.0370
Epoch 015 | Train Loss: 2.4764, Train Acc: 0.2718, Train F1 (macro): 0.0518 | Val Loss: 2.5440, Val Acc: 0.2697, Val F1 (macro): 0.0480
Epoch 016 | Train Loss: 2.5100, Train Acc: 0.2658, Train F1 (macro): 0.0494 | Val Loss: 2.6075, Val Acc: 0.2361, Val F1 (macro): 0.0472
Epoch 017 | Train Loss: 2.5339, Train Acc: 0.2609, Train F1 (macro): 0.0489 | Val Loss: 2.6383, Val Acc: 0.2393, Val F1 (macro): 0.0371
Epoch 018 | Train Loss: 2.5476, Train Acc: 0.2544, Train F1 (macro): 0.0481 | Val Loss: 2.6068, Val Acc: 0.2535, Val F1 (macro): 0.0467
Epoch 019 | Train Loss: 2.5377, Train Acc: 0.2580, Train F1 (macro): 0.0500 | Val Loss: 2.5512, Val Acc: 0.2599, Val F1 (macro): 0.0487
Epoch 020 | Train Loss: 2.5319, Train Acc: 0.2568, Train F1 (macro): 0.0496 | Val Loss: 2.5415, Val Acc: 0.2584, Val F1 (macro): 0.0479
Epoch 021 | Train Loss: 2.5245, Train Acc: 0.2582, Train F1 (macro): 0.0499 | Val Loss: 2.5555, Val Acc: 0.2469, Val F1 (macro): 0.0422
Epoch 022 | Train Loss: 2.5457, Train Acc: 0.2556, Train F1 (macro): 0.0490 | Val Loss: 2.5986, Val Acc: 0.2588, Val F1 (macro): 0.0453
Epoch 023 | Train Loss: 2.5523, Train Acc: 0.2564, Train F1 (macro): 0.0484 | Val Loss: 2.5784, Val Acc: 0.2386, Val F1 (macro): 0.0398
Epoch 024 | Train Loss: 2.5653, Train Acc: 0.2520, Train F1 (macro): 0.0469 | Val Loss: 2.6048, Val Acc: 0.2557, Val F1 (macro): 0.0450
Epoch 025 | Train Loss: 2.5552, Train Acc: 0.2543, Train F1 (macro): 0.0480 | Val Loss: 2.5817, Val Acc: 0.2476, Val F1 (macro): 0.0389
Epoch 026 | Train Loss: 2.5744, Train Acc: 0.2483, Train F1 (macro): 0.0455 | Val Loss: 2.5835, Val Acc: 0.2385, Val F1 (macro): 0.0390
Epoch 027 | Train Loss: 2.5586, Train Acc: 0.2520, Train F1 (macro): 0.0472 | Val Loss: 2.5949, Val Acc: 0.2207, Val F1 (macro): 0.0357
Epoch 028 | Train Loss: 2.5682, Train Acc: 0.2500, Train F1 (macro): 0.0477 | Val Loss: 2.6790, Val Acc: 0.2211, Val F1 (macro): 0.0410
Epoch 029 | Train Loss: 2.6084, Train Acc: 0.2406, Train F1 (macro): 0.0450 | Val Loss: 2.7877, Val Acc: 0.1584, Val F1 (macro): 0.0214
Epoch 030 | Train Loss: 2.6324, Train Acc: 0.2351, Train F1 (macro): 0.0432 | Val Loss: 2.7624, Val Acc: 0.1637, Val F1 (macro): 0.0233
Epoch 031 | Train Loss: 2.6200, Train Acc: 0.2358, Train F1 (macro): 0.0436 | Val Loss: 2.7559, Val Acc: 0.1745, Val F1 (macro): 0.0300
Epoch 032 | Train Loss: 2.6152, Train Acc: 0.2367, Train F1 (macro): 0.0436 | Val Loss: 2.7117, Val Acc: 0.1773, Val F1 (macro): 0.0316
Epoch 033 | Train Loss: 2.5939, Train Acc: 0.2405, Train F1 (macro): 0.0446 | Val Loss: 2.6916, Val Acc: 0.1989, Val F1 (macro): 0.0382
Epoch 034 | Train Loss: 2.5946, Train Acc: 0.2414, Train F1 (macro): 0.0450 | Val Loss: 2.6621, Val Acc: 0.2493, Val F1 (macro): 0.0441
Epoch 035 | Train Loss: 2.5907, Train Acc: 0.2422, Train F1 (macro): 0.0447 | Val Loss: 2.7114, Val Acc: 0.1925, Val F1 (macro): 0.0350
Epoch 036 | Train Loss: 2.5914, Train Acc: 0.2430, Train F1 (macro): 0.0449 | Val Loss: 2.6895, Val Acc: 0.2399, Val F1 (macro): 0.0418
Epoch 037 | Train Loss: 2.5958, Train Acc: 0.2422, Train F1 (macro): 0.0450 | Val Loss: 2.7381, Val Acc: 0.1770, Val F1 (macro): 0.0321
Epoch 038 | Train Loss: 2.5777, Train Acc: 0.2450, Train F1 (macro): 0.0460 | Val Loss: 2.6842, Val Acc: 0.1936, Val F1 (macro): 0.0394
Epoch 039 | Train Loss: 2.5783, Train Acc: 0.2439, Train F1 (macro): 0.0460 | Val Loss: 2.6519, Val Acc: 0.2585, Val F1 (macro): 0.0453
Epoch 040 | Train Loss: 2.5869, Train Acc: 0.2422, Train F1 (macro): 0.0457 | Val Loss: 2.7077, Val Acc: 0.2152, Val F1 (macro): 0.0396
Epoch 041 | Train Loss: 2.5799, Train Acc: 0.2432, Train F1 (macro): 0.0456 | Val Loss: 2.6646, Val Acc: 0.2548, Val F1 (macro): 0.0453
Epoch 042 | Train Loss: 2.5804, Train Acc: 0.2450, Train F1 (macro): 0.0450 | Val Loss: 2.7063, Val Acc: 0.1825, Val F1 (macro): 0.0340
Epoch 043 | Train Loss: 2.5796, Train Acc: 0.2461, Train F1 (macro): 0.0457 | Val Loss: 2.6737, Val Acc: 0.2037, Val F1 (macro): 0.0391
Epoch 044 | Train Loss: 2.5776, Train Acc: 0.2466, Train F1 (macro): 0.0461 | Val Loss: 2.6895, Val Acc: 0.1802, Val F1 (macro): 0.0349
Epoch 045 | Train Loss: 2.5655, Train Acc: 0.2494, Train F1 (macro): 0.0467 | Val Loss: 2.6166, Val Acc: 0.2350, Val F1 (macro): 0.0476
Epoch 046 | Train Loss: 2.5613, Train Acc: 0.2506, Train F1 (macro): 0.0471 | Val Loss: 2.6331, Val Acc: 0.2120, Val F1 (macro): 0.0438
Epoch 047 | Train Loss: 2.5500, Train Acc: 0.2522, Train F1 (macro): 0.0477 | Val Loss: 2.6716, Val Acc: 0.2097, Val F1 (macro): 0.0439
Epoch 048 | Train Loss: 2.5357, Train Acc: 0.2555, Train F1 (macro): 0.0491 | Val Loss: 2.6383, Val Acc: 0.2392, Val F1 (macro): 0.0497
Epoch 049 | Train Loss: 2.5170, Train Acc: 0.2593, Train F1 (macro): 0.0506 | Val Loss: 2.6334, Val Acc: 0.2362, Val F1 (macro): 0.0486
Epoch 050 | Train Loss: 2.5028, Train Acc: 0.2631, Train F1 (macro): 0.0523 | Val Loss: 2.6205, Val Acc: 0.2784, Val F1 (macro): 0.0543
Epoch 051 | Train Loss: 2.4963, Train Acc: 0.2622, Train F1 (macro): 0.0523 | Val Loss: 2.5869, Val Acc: 0.2642, Val F1 (macro): 0.0513
Epoch 052 | Train Loss: 2.4890, Train Acc: 0.2637, Train F1 (macro): 0.0535 | Val Loss: 2.5476, Val Acc: 0.2789, Val F1 (macro): 0.0525
Epoch 053 | Train Loss: 2.4764, Train Acc: 0.2684, Train F1 (macro): 0.0545 | Val Loss: 2.5568, Val Acc: 0.2802, Val F1 (macro): 0.0531
Epoch 054 | Train Loss: 2.4679, Train Acc: 0.2706, Train F1 (macro): 0.0556 | Val Loss: 2.4861, Val Acc: 0.2995, Val F1 (macro): 0.0568
Epoch 055 | Train Loss: 2.4569, Train Acc: 0.2745, Train F1 (macro): 0.0568 | Val Loss: 2.5649, Val Acc: 0.2883, Val F1 (macro): 0.0553
Epoch 056 | Train Loss: 2.4453, Train Acc: 0.2782, Train F1 (macro): 0.0582 | Val Loss: 2.4817, Val Acc: 0.2941, Val F1 (macro): 0.0567
Epoch 057 | Train Loss: 2.4367, Train Acc: 0.2788, Train F1 (macro): 0.0596 | Val Loss: 2.4908, Val Acc: 0.3016, Val F1 (macro): 0.0562
Epoch 058 | Train Loss: 2.4366, Train Acc: 0.2808, Train F1 (macro): 0.0605 | Val Loss: 2.4837, Val Acc: 0.3006, Val F1 (macro): 0.0588
Epoch 059 | Train Loss: 2.4286, Train Acc: 0.2809, Train F1 (macro): 0.0614 | Val Loss: 2.5340, Val Acc: 0.2968, Val F1 (macro): 0.0613
Epoch 060 | Train Loss: 2.4333, Train Acc: 0.2793, Train F1 (macro): 0.0607 | Val Loss: 2.5575, Val Acc: 0.2968, Val F1 (macro): 0.0564
Epoch 061 | Train Loss: 2.4406, Train Acc: 0.2783, Train F1 (macro): 0.0608 | Val Loss: 2.5253, Val Acc: 0.2855, Val F1 (macro): 0.0546
Epoch 062 | Train Loss: 2.4425, Train Acc: 0.2779, Train F1 (macro): 0.0597 | Val Loss: 2.4693, Val Acc: 0.2991, Val F1 (macro): 0.0601
Epoch 063 | Train Loss: 2.4499, Train Acc: 0.2764, Train F1 (macro): 0.0598 | Val Loss: 2.4900, Val Acc: 0.2980, Val F1 (macro): 0.0570
Epoch 064 | Train Loss: 2.4488, Train Acc: 0.2756, Train F1 (macro): 0.0604 | Val Loss: 2.5384, Val Acc: 0.2998, Val F1 (macro): 0.0615
Epoch 065 | Train Loss: 2.4419, Train Acc: 0.2795, Train F1 (macro): 0.0629 | Val Loss: 2.5508, Val Acc: 0.2967, Val F1 (macro): 0.0653
  --> New best model saved to /home/sxi219/RAI-Account/multi-stage-GNN-code-security/IPAG-GIN-CFEExplainer/multiclass_experiment/checkpoints/exp4_top30_narrow_deep/best_model.pt
Epoch 066 | Train Loss: 2.4453, Train Acc: 0.2783, Train F1 (macro): 0.0639 | Val Loss: 2.5032, Val Acc: 0.2995, Val F1 (macro): 0.0642
Epoch 067 | Train Loss: 2.4286, Train Acc: 0.2841, Train F1 (macro): 0.0668 | Val Loss: 2.5541, Val Acc: 0.2922, Val F1 (macro): 0.0651
Epoch 068 | Train Loss: 2.4206, Train Acc: 0.2869, Train F1 (macro): 0.0697 | Val Loss: 2.5083, Val Acc: 0.2879, Val F1 (macro): 0.0725
  --> New best model saved to /home/sxi219/RAI-Account/multi-stage-GNN-code-security/IPAG-GIN-CFEExplainer/multiclass_experiment/checkpoints/exp4_top30_narrow_deep/best_model.pt
Epoch 069 | Train Loss: 2.4436, Train Acc: 0.2810, Train F1 (macro): 0.0673 | Val Loss: 2.5525, Val Acc: 0.2447, Val F1 (macro): 0.0592
Epoch 070 | Train Loss: 2.4402, Train Acc: 0.2809, Train F1 (macro): 0.0667 | Val Loss: 2.4973, Val Acc: 0.3053, Val F1 (macro): 0.0751
  --> New best model saved to /home/sxi219/RAI-Account/multi-stage-GNN-code-security/IPAG-GIN-CFEExplainer/multiclass_experiment/checkpoints/exp4_top30_narrow_deep/best_model.pt
Epoch 071 | Train Loss: 2.4301, Train Acc: 0.2833, Train F1 (macro): 0.0682 | Val Loss: 2.4886, Val Acc: 0.2821, Val F1 (macro): 0.0705
Epoch 072 | Train Loss: 2.4242, Train Acc: 0.2847, Train F1 (macro): 0.0695 | Val Loss: 2.5023, Val Acc: 0.2829, Val F1 (macro): 0.0675
Epoch 073 | Train Loss: 2.4231, Train Acc: 0.2836, Train F1 (macro): 0.0694 | Val Loss: 2.5059, Val Acc: 0.2978, Val F1 (macro): 0.0693
